../Core/Src/main.c:73:1:__io_putchar	16	static
../Core/Src/main.c:160:6:SendMQTT	8	static
../Core/Src/main.c:178:6:SendData	1040	static
../Core/Src/main.c:290:6:ConnectMQTT	552	static
../Core/Src/main.c:377:6:Send_AT_Commands_SendMessager	72	dynamic
../Core/Src/main.c:436:6:Send_AT_Commands_ConnectMQTT	72	dynamic
../Core/Src/main.c:499:6:HAL_UART_RxCpltCallback	24	static
../Core/Src/main.c:587:6:Received_AT_Commands_ESP	4	static
../Core/Src/main.c:592:6:Received_AT_Commands_ESP_MessagerMQTT	16	static
../Core/Src/main.c:639:6:ParseJson	16	static
../Core/Src/main.c:717:6:clearbuffer_UART_ESP	16	static
../Core/Src/main.c:727:6:clearResponse	16	static
../Core/Src/main.c:737:6:Send_AT_Commands_Setting	80	static
../Core/Src/main.c:784:6:SettingESP	8	static
../Core/Src/main.c:830:5:main	24	static
../Core/Src/main.c:895:6:SystemClock_Config	80	static
../Core/Src/main.c:937:13:MX_DAC_Init	16	static
../Core/Src/main.c:984:13:MX_UART4_Init	8	static
../Core/Src/main.c:1017:13:MX_USART1_UART_Init	8	static
../Core/Src/main.c:1050:13:MX_USART2_UART_Init	8	static
../Core/Src/main.c:1083:13:MX_GPIO_Init	56	static
../Core/Src/main.c:1178:6:Error_Handler	4	static,ignoring_inline_asm
../Core/Src/main.c:1197:6:assert_failed	16	static
