Component: ARM Compiler 5.06 update 4 (build 422) Tool: armlink [4d35d2]

==============================================================================

Section Cross References

    startup_stm32f205xx.o(RESET) refers to startup_stm32f205xx.o(STACK) for __initial_sp
    startup_stm32f205xx.o(RESET) refers to startup_stm32f205xx.o(.text) for Reset_Handler
    startup_stm32f205xx.o(RESET) refers to stm32f2xx_it.o(i.NMI_Handler) for NMI_Handler
    startup_stm32f205xx.o(RESET) refers to stm32f2xx_it.o(i.HardFault_Handler) for HardFault_Handler
    startup_stm32f205xx.o(RESET) refers to stm32f2xx_it.o(i.MemManage_Handler) for MemManage_Handler
    startup_stm32f205xx.o(RESET) refers to stm32f2xx_it.o(i.BusFault_Handler) for BusFault_Handler
    startup_stm32f205xx.o(RESET) refers to stm32f2xx_it.o(i.UsageFault_Handler) for UsageFault_Handler
    startup_stm32f205xx.o(RESET) refers to stm32f2xx_it.o(i.SVC_Handler) for SVC_Handler
    startup_stm32f205xx.o(RESET) refers to stm32f2xx_it.o(i.DebugMon_Handler) for DebugMon_Handler
    startup_stm32f205xx.o(RESET) refers to stm32f2xx_it.o(i.PendSV_Handler) for PendSV_Handler
    startup_stm32f205xx.o(RESET) refers to stm32f2xx_it.o(i.SysTick_Handler) for SysTick_Handler
    startup_stm32f205xx.o(RESET) refers to stm32f2xx_it.o(i.ADC_IRQHandler) for ADC_IRQHandler
    startup_stm32f205xx.o(RESET) refers to stm32f2xx_it.o(i.TIM3_IRQHandler) for TIM3_IRQHandler
    startup_stm32f205xx.o(RESET) refers to stm32f2xx_it.o(i.TIM4_IRQHandler) for TIM4_IRQHandler
    startup_stm32f205xx.o(RESET) refers to stm32f2xx_it.o(i.USART1_IRQHandler) for USART1_IRQHandler
    startup_stm32f205xx.o(RESET) refers to stm32f2xx_it.o(i.USART2_IRQHandler) for USART2_IRQHandler
    startup_stm32f205xx.o(RESET) refers to stm32f2xx_it.o(i.TIM5_IRQHandler) for TIM5_IRQHandler
    startup_stm32f205xx.o(RESET) refers to stm32f2xx_it.o(i.UART4_IRQHandler) for UART4_IRQHandler
    startup_stm32f205xx.o(RESET) refers to stm32f2xx_it.o(i.TIM6_DAC_IRQHandler) for TIM6_DAC_IRQHandler
    startup_stm32f205xx.o(.text) refers to system_stm32f2xx.o(i.SystemInit) for SystemInit
    startup_stm32f205xx.o(.text) refers to entry.o(.ARM.Collect$$$$00000000) for __main
    main.o(i.ADC_Select_CH10) refers to stm32f2xx_hal_adc.o(i.HAL_ADC_ConfigChannel) for HAL_ADC_ConfigChannel
    main.o(i.ADC_Select_CH10) refers to main.o(.bss) for .bss
    main.o(i.ADC_Select_CH13) refers to stm32f2xx_hal_adc.o(i.HAL_ADC_ConfigChannel) for HAL_ADC_ConfigChannel
    main.o(i.ADC_Select_CH13) refers to main.o(.bss) for .bss
    main.o(i.CaiDat) refers to strstr.o(.text) for strstr
    main.o(i.CaiDat) refers to strtok.o(.text) for strtok
    main.o(i.CaiDat) refers to atoi.o(.text) for atoi
    main.o(i.CaiDat) refers to printfa.o(i.__0printf) for __2printf
    main.o(i.CaiDat) refers to main.o(.data) for .data
    main.o(i.ConnectMQTT) refers to rand.o(.text) for rand
    main.o(i.ConnectMQTT) refers to printfa.o(i.__0sprintf) for __2sprintf
    main.o(i.ConnectMQTT) refers to strcat.o(.text) for strcat
    main.o(i.ConnectMQTT) refers to main.o(i.Send_AT_Commands_ConnectMQTT) for Send_AT_Commands_ConnectMQTT
    main.o(i.ConnectMQTT) refers to stm32f2xx_hal.o(i.HAL_Delay) for HAL_Delay
    main.o(i.ConnectMQTT) refers to main.o(i.clearbuffer_UART_ESP) for clearbuffer_UART_ESP
    main.o(i.ConnectMQTT) refers to main.o(.data) for .data
    main.o(i.HAL_UART_RxCpltCallback) refers to main.o(i.Received_AT_Commands_ESP_MessagerMQTT) for Received_AT_Commands_ESP_MessagerMQTT
    main.o(i.HAL_UART_RxCpltCallback) refers to stm32f2xx_hal_uart.o(i.HAL_UART_Receive_IT) for HAL_UART_Receive_IT
    main.o(i.HAL_UART_RxCpltCallback) refers to main.o(i.Received_AT_Commands_ESP) for Received_AT_Commands_ESP
    main.o(i.HAL_UART_RxCpltCallback) refers to main.o(.data) for .data
    main.o(i.HAL_UART_RxCpltCallback) refers to main.o(.bss) for .bss
    main.o(i.MX_ADC3_Init) refers to memseta.o(.text) for __aeabi_memclr4
    main.o(i.MX_ADC3_Init) refers to stm32f2xx_hal_adc.o(i.HAL_ADC_Init) for HAL_ADC_Init
    main.o(i.MX_ADC3_Init) refers to stm32f2xx_hal_adc.o(i.HAL_ADC_ConfigChannel) for HAL_ADC_ConfigChannel
    main.o(i.MX_ADC3_Init) refers to stm32f2xx_hal_adc_ex.o(i.HAL_ADCEx_InjectedConfigChannel) for HAL_ADCEx_InjectedConfigChannel
    main.o(i.MX_ADC3_Init) refers to main.o(.bss) for .bss
    main.o(i.MX_GPIO_Init) refers to memseta.o(.text) for __aeabi_memclr4
    main.o(i.MX_GPIO_Init) refers to stm32f2xx_hal_gpio.o(i.HAL_GPIO_WritePin) for HAL_GPIO_WritePin
    main.o(i.MX_GPIO_Init) refers to stm32f2xx_hal_gpio.o(i.HAL_GPIO_Init) for HAL_GPIO_Init
    main.o(i.MX_TIM3_Init) refers to memseta.o(.text) for __aeabi_memclr4
    main.o(i.MX_TIM3_Init) refers to stm32f2xx_hal_tim.o(i.HAL_TIM_Base_Init) for HAL_TIM_Base_Init
    main.o(i.MX_TIM3_Init) refers to stm32f2xx_hal_tim.o(i.HAL_TIM_ConfigClockSource) for HAL_TIM_ConfigClockSource
[...]
    i.HAL_TIM_ConfigClockSource              0x0800359c   Section        0  stm32f2xx_hal_tim.o(i.HAL_TIM_ConfigClockSource)
    i.HAL_TIM_Encoder_Init                   0x0800399c   Section        0  stm32f2xx_hal_tim.o(i.HAL_TIM_Encoder_Init)
    i.HAL_TIM_Encoder_MspInit                0x08003bcc   Section        0  stm32f2xx_hal_msp.o(i.HAL_TIM_Encoder_MspInit)
    i.HAL_TIM_Encoder_Start_IT               0x08003c44   Section        0  stm32f2xx_hal_tim.o(i.HAL_TIM_Encoder_Start_IT)
    i.HAL_TIM_IC_CaptureCallback             0x08003d88   Section        0  stm32f2xx_hal_tim.o(i.HAL_TIM_IC_CaptureCallback)
    i.HAL_TIM_IRQHandler                     0x08003d8a   Section        0  stm32f2xx_hal_tim.o(i.HAL_TIM_IRQHandler)
    i.HAL_TIM_MspPostInit                    0x08003ef0   Section        0  stm32f2xx_hal_msp.o(i.HAL_TIM_MspPostInit)
    i.HAL_TIM_OC_DelayElapsedCallback        0x08003f40   Section        0  stm32f2xx_hal_tim.o(i.HAL_TIM_OC_DelayElapsedCallback)
    i.HAL_TIM_PWM_ConfigChannel              0x08003f44   Section        0  stm32f2xx_hal_tim.o(i.HAL_TIM_PWM_ConfigChannel)
    i.HAL_TIM_PWM_Init                       0x080041b4   Section        0  stm32f2xx_hal_tim.o(i.HAL_TIM_PWM_Init)
    i.HAL_TIM_PWM_MspInit                    0x08004324   Section        0  stm32f2xx_hal_tim.o(i.HAL_TIM_PWM_MspInit)
    i.HAL_TIM_PWM_PulseFinishedCallback      0x08004326   Section        0  stm32f2xx_hal_tim.o(i.HAL_TIM_PWM_PulseFinishedCallback)
    i.HAL_TIM_PeriodElapsedCallback          0x08004328   Section        0  stm32f2xx_hal_tim.o(i.HAL_TIM_PeriodElapsedCallback)
    i.HAL_TIM_TriggerCallback                0x0800432a   Section        0  stm32f2xx_hal_tim.o(i.HAL_TIM_TriggerCallback)
    i.HAL_UARTEx_RxEventCallback             0x0800432c   Section        0  stm32f2xx_hal_uart.o(i.HAL_UARTEx_RxEventCallback)
    i.HAL_UART_ErrorCallback                 0x0800432e   Section        0  stm32f2xx_hal_uart.o(i.HAL_UART_ErrorCallback)
    i.HAL_UART_IRQHandler                    0x08004330   Section        0  stm32f2xx_hal_uart.o(i.HAL_UART_IRQHandler)
    i.HAL_UART_Init                          0x08004540   Section        0  stm32f2xx_hal_uart.o(i.HAL_UART_Init)
    i.HAL_UART_MspInit                       0x0800468c   Section        0  stm32f2xx_hal_msp.o(i.HAL_UART_MspInit)
    i.HAL_UART_Receive_IT                    0x080047a4   Section        0  stm32f2xx_hal_uart.o(i.HAL_UART_Receive_IT)
    i.HAL_UART_RxCpltCallback                0x080047d0   Section        0  main.o(i.HAL_UART_RxCpltCallback)
    i.HAL_UART_Transmit                      0x08004814   Section        0  stm32f2xx_hal_uart.o(i.HAL_UART_Transmit)
    i.HAL_UART_TxCpltCallback                0x080048c6   Section        0  stm32f2xx_hal_uart.o(i.HAL_UART_TxCpltCallback)
    i.HardFault_Handler                      0x080048c8   Section        0  stm32f2xx_it.o(i.HardFault_Handler)
    i.MX_ADC3_Init                           0x080048cc   Section        0  main.o(i.MX_ADC3_Init)
    MX_ADC3_Init                             0x080048cd   Thumb Code   156  main.o(i.MX_ADC3_Init)
    i.MX_GPIO_Init                           0x08004978   Section        0  main.o(i.MX_GPIO_Init)
    MX_GPIO_Init                             0x08004979   Thumb Code   280  main.o(i.MX_GPIO_Init)
    i.MX_TIM3_Init                           0x08004aa8   Section        0  main.o(i.MX_TIM3_Init)
    MX_TIM3_Init                             0x08004aa9   Thumb Code   142  main.o(i.MX_TIM3_Init)
    i.MX_TIM4_Init                           0x08004b40   Section        0  main.o(i.MX_TIM4_Init)
    MX_TIM4_Init                             0x08004b41   Thumb Code    98  main.o(i.MX_TIM4_Init)
    i.MX_TIM5_Init                           0x08004bac   Section        0  main.o(i.MX_TIM5_Init)
    MX_TIM5_Init                             0x08004bad   Thumb Code    94  main.o(i.MX_TIM5_Init)
    i.MemManage_Handler                      0x08004c14   Section        0  stm32f2xx_it.o(i.MemManage_Handler)
    i.NMI_Handler                            0x08004c16   Section        0  stm32f2xx_it.o(i.NMI_Handler)
    i.ParseJson                              0x08004c18   Section        0  main.o(i.ParseJson)
    i.PendSV_Handler                         0x08004d20   Section        0  stm32f2xx_it.o(i.PendSV_Handler)
    i.Received_AT_Commands_ESP               0x08004d24   Section        0  main.o(i.Received_AT_Commands_ESP)
    i.Received_AT_Commands_ESP_MessagerMQTT  0x08004d3c   Section        0  main.o(i.Received_AT_Commands_ESP_MessagerMQTT)
    i.SVC_Handler                            0x08004e38   Section        0  stm32f2xx_it.o(i.SVC_Handler)
    i.SendData                               0x08004e3c   Section        0  main.o(i.SendData)
    i.SendMQTT                               0x080050c4   Section        0  main.o(i.SendMQTT)
    i.Send_AT_Commands_ConnectMQTT           0x08005104   Section        0  main.o(i.Send_AT_Commands_ConnectMQTT)
    i.Send_AT_Commands_SendMessager          0x0800525c   Section        0  main.o(i.Send_AT_Commands_SendMessager)
    i.Send_AT_Commands_Setting               0x080053b4   Section        0  main.o(i.Send_AT_Commands_Setting)
    i.SettingESP                             0x080054c4   Section        0  main.o(i.SettingESP)
    i.SysTick_Handler                        0x080055c4   Section        0  stm32f2xx_it.o(i.SysTick_Handler)
    i.SystemClock_Config                     0x080055c8   Section        0  main.o(i.SystemClock_Config)
    i.SystemInit                             0x08005630   Section        0  system_stm32f2xx.o(i.SystemInit)
    i.TIM3_IRQHandler                        0x08005634   Section        0  stm32f2xx_it.o(i.TIM3_IRQHandler)
    i.TIM4_IRQHandler                        0x08005640   Section        0  stm32f2xx_it.o(i.TIM4_IRQHandler)
    i.TIM5_IRQHandler                        0x0800564c   Section        0  stm32f2xx_it.o(i.TIM5_IRQHandler)
    i.TIM6_DAC_IRQHandler                    0x08005658   Section        0  stm32f2xx_it.o(i.TIM6_DAC_IRQHandler)
    i.TIM_Base_SetConfig                     0x08005664   Section        0  stm32f2xx_hal_tim.o(i.TIM_Base_SetConfig)
    i.TIM_CCxChannelCmd                      0x0800572c   Section        0  stm32f2xx_hal_tim.o(i.TIM_CCxChannelCmd)
    i.TIM_ETR_SetConfig                      0x08005820   Section        0  stm32f2xx_hal_tim.o(i.TIM_ETR_SetConfig)
    i.TIM_ITRx_SetConfig                     0x08005834   Section        0  stm32f2xx_hal_tim.o(i.TIM_ITRx_SetConfig)
    TIM_ITRx_SetConfig                       0x08005835   Thumb Code    16  stm32f2xx_hal_tim.o(i.TIM_ITRx_SetConfig)
    i.TIM_OC1_SetConfig                      0x08005844   Section        0  stm32f2xx_hal_tim.o(i.TIM_OC1_SetConfig)
    TIM_OC1_SetConfig                        0x08005845   Thumb Code   162  stm32f2xx_hal_tim.o(i.TIM_OC1_SetConfig)
    i.TIM_OC2_SetConfig                      0x08005928   Section        0  stm32f2xx_hal_tim.o(i.TIM_OC2_SetConfig)
    i.TIM_OC3_SetConfig                      0x08005a14   Section        0  stm32f2xx_hal_tim.o(i.TIM_OC3_SetConfig)
    TIM_OC3_SetConfig                        0x08005a15   Thumb Code   170  stm32f2xx_hal_tim.o(i.TIM_OC3_SetConfig)
    i.TIM_OC4_SetConfig                      0x08005b00   Section        0  stm32f2xx_hal_tim.o(i.TIM_OC4_SetConfig)
    TIM_OC4_SetConfig                        0x08005b01   Thumb Code   100  stm32f2xx_hal_tim.o(i.TIM_OC4_SetConfig)
    i.TIM_TI1_ConfigInputStage               0x08005ba4   Section        0  stm32f2xx_hal_tim.o(i.TIM_TI1_ConfigInputStage)
    TIM_TI1_ConfigInputStage                 0x08005ba5   Thumb Code    34  stm32f2xx_hal_tim.o(i.TIM_TI1_ConfigInputStage)
    i.TIM_TI2_ConfigInputStage               0x08005bc6   Section        0  stm32f2xx_hal_tim.o(i.TIM_TI2_ConfigInputStage)
    TIM_TI2_ConfigInputStage                 0x08005bc7   Thumb Code    36  stm32f2xx_hal_tim.o(i.TIM_TI2_ConfigInputStage)
    i.UART4_IRQHandler                       0x08005bec   Section        0  stm32f2xx_it.o(i.UART4_IRQHandler)
    i.UART_DMAAbortOnError                   0x08005bf8   Section        0  stm32f2xx_hal_uart.o(i.UART_DMAAbortOnError)
    UART_DMAAbortOnError                     0x08005bf9   Thumb Code    16  stm32f2xx_hal_uart.o(i.UART_DMAAbortOnError)
    i.UART_EndRxTransfer                     0x08005c08   Section        0  stm32f2xx_hal_uart.o(i.UART_EndRxTransfer)
    UART_EndRxTransfer                       0x08005c09   Thumb Code    48  stm32f2xx_hal_uart.o(i.UART_EndRxTransfer)
    i.UART_Receive_IT                        0x08005c38   Section        0  stm32f2xx_hal_uart.o(i.UART_Receive_IT)
    UART_Receive_IT                          0x08005c39   Thumb Code   182  stm32f2xx_hal_uart.o(i.UART_Receive_IT)
    i.UART_SetConfig                         0x08005cf0   Section        0  stm32f2xx_hal_uart.o(i.UART_SetConfig)
    UART_SetConfig                           0x08005cf1   Thumb Code   370  stm32f2xx_hal_uart.o(i.UART_SetConfig)
    i.UART_Start_Receive_IT                  0x08005eac   Section        0  stm32f2xx_hal_uart.o(i.UART_Start_Receive_IT)
    i.UART_WaitOnFlagUntilTimeout            0x08005ee2   Section        0  stm32f2xx_hal_uart.o(i.UART_WaitOnFlagUntilTimeout)
    UART_WaitOnFlagUntilTimeout              0x08005ee3   Thumb Code   100  stm32f2xx_hal_uart.o(i.UART_WaitOnFlagUntilTimeout)
    i.USART1_IRQHandler                      0x08005f48   Section        0  stm32f2xx_it.o(i.USART1_IRQHandler)
    i.USART2_IRQHandler                      0x08005f54   Section        0  stm32f2xx_it.o(i.USART2_IRQHandler)
    i.UsageFault_Handler                     0x08005f60   Section        0  stm32f2xx_it.o(i.UsageFault_Handler)
    i.__0printf                              0x08005f64   Section        0  printfa.o(i.__0printf)
    i.__0snprintf                            0x08005f84   Section        0  printfa.o(i.__0snprintf)
    i.__0sprintf                             0x08005fb4   Section        0  printfa.o(i.__0sprintf)
    i.__NVIC_SetPriority                     0x08005fdc   Section        0  stm32f2xx_hal_cortex.o(i.__NVIC_SetPriority)
    __NVIC_SetPriority                       0x08005fdd   Thumb Code    32  stm32f2xx_hal_cortex.o(i.__NVIC_SetPriority)
    i.__aeabi_errno_addr                     0x08005ffc   Section        0  errno.o(i.__aeabi_errno_addr)
    i.__free$realloc                         0x08006004   Section        0  mallocr.o(i.__free$realloc)
    i.__kernel_poly                          0x08006060   Section        0  poly.o(i.__kernel_poly)
    i.__malloc$realloc                       0x0800610c   Section        0  mallocr.o(i.__malloc$realloc)
    i.__mathlib_dbl_divzero                  0x0800615c   Section        0  dunder.o(i.__mathlib_dbl_divzero)
    i.__mathlib_dbl_infnan                   0x0800616c   Section        0  dunder.o(i.__mathlib_dbl_infnan)
    i.__mathlib_dbl_invalid                  0x08006172   Section        0  dunder.o(i.__mathlib_dbl_invalid)
    i.__scatterload_copy                     0x0800617e   Section       14  handlers.o(i.__scatterload_copy)
    i.__scatterload_null                     0x0800618c   Section        2  handlers.o(i.__scatterload_null)
    i.__scatterload_zeroinit                 0x0800618e   Section       14  handlers.o(i.__scatterload_zeroinit)
    i.__set_errno                            0x0800619c   Section        0  errno.o(i.__set_errno)
    i._fp_digits                             0x080061a8   Section        0  printfa.o(i._fp_digits)
    _fp_digits                               0x080061a9   Thumb Code   366  printfa.o(i._fp_digits)
    i._is_digit                              0x0800632c   Section        0  scanf_fp.o(i._is_digit)
    i._printf_core                           0x0800633c   Section        0  printfa.o(i._printf_core)
    _printf_core                             0x0800633d   Thumb Code  1744  printfa.o(i._printf_core)
    i._printf_post_padding                   0x08006a18   Section        0  printfa.o(i._printf_post_padding)
    _printf_post_padding                     0x08006a19   Thumb Code    36  printfa.o(i._printf_post_padding)
    i._printf_pre_padding                    0x08006a3c   Section        0  printfa.o(i._printf_pre_padding)
    _printf_pre_padding                      0x08006a3d   Thumb Code    46  printfa.o(i._printf_pre_padding)
    i._snputc                                0x08006a6a   Section        0  printfa.o(i._snputc)
    _snputc                                  0x08006a6b   Thumb Code    22  printfa.o(i._snputc)
    i._sputc                                 0x08006a80   Section        0  printfa.o(i._sputc)
    _sputc                                   0x08006a81   Thumb Code    10  printfa.o(i._sputc)
    i.adc_1                                  0x08006a8c   Section        0  main.o(i.adc_1)
    i.assert_failed                          0x08006c94   Section        0  main.o(i.assert_failed)
    i.buffer_skip_whitespace                 0x08006c96   Section        0  cjson.o(i.buffer_skip_whitespace)
    buffer_skip_whitespace                   0x08006c97   Thumb Code    48  cjson.o(i.buffer_skip_whitespace)
    i.cJSON_Delete                           0x08006cc8   Section        0  cjson.o(i.cJSON_Delete)
    i.cJSON_GetObjectItem                    0x08006d10   Section        0  cjson.o(i.cJSON_GetObjectItem)
    i.cJSON_New_Item                         0x08006d16   Section        0  cjson.o(i.cJSON_New_Item)
    cJSON_New_Item                           0x08006d17   Thumb Code    22  cjson.o(i.cJSON_New_Item)
    i.cJSON_Parse                            0x08006d2c   Section        0  cjson.o(i.cJSON_Parse)
    i.cJSON_ParseWithLengthOpts              0x08006d34   Section        0  cjson.o(i.cJSON_ParseWithLengthOpts)
    i.cJSON_ParseWithOpts                    0x08006e10   Section        0  cjson.o(i.cJSON_ParseWithOpts)
    i.clearResponse                          0x08006e34   Section        0  main.o(i.clearResponse)
    i.clearbuffer_UART_ESP                   0x08006e54   Section        0  main.o(i.clearbuffer_UART_ESP)
    i.fputc                                  0x08006e74   Section        0  main.o(i.fputc)
    i.get_object_item                        0x08006e8c   Section        0  cjson.o(i.get_object_item)
    get_object_item                          0x08006e8d   Thumb Code   122  cjson.o(i.get_object_item)
    i.internal_alloc                         0x08006f08   Section        0  mallocr.o(i.internal_alloc)
    internal_alloc                           0x08006f09   Thumb Code    76  mallocr.o(i.internal_alloc)
    i.log                                    0x08006f58   Section        0  log.o(i.log)
    i.log10                                  0x080072b4   Section        0  log10.o(i.log10)
    i.main                                   0x08007398   Section        0  main.o(i.main)
    i.parse_array                            0x08007508   Section        0  cjson.o(i.parse_array)
    parse_array                              0x08007509   Thumb Code   208  cjson.o(i.parse_array)
    i.parse_hex4                             0x080075d8   Section        0  cjson.o(i.parse_hex4)
    parse_hex4                               0x080075d9   Thumb Code    64  cjson.o(i.parse_hex4)
    i.parse_number                           0x08007618   Section        0  cjson.o(i.parse_number)
    parse_number                             0x08007619   Thumb Code   228  cjson.o(i.parse_number)
    i.parse_object                           0x08007708   Section        0  cjson.o(i.parse_object)
    parse_object                             0x08007709   Thumb Code   266  cjson.o(i.parse_object)
    i.parse_string                           0x08007812   Section        0  cjson.o(i.parse_string)
    parse_string                             0x08007813   Thumb Code   268  cjson.o(i.parse_string)
    i.parse_value                            0x08007920   Section        0  cjson.o(i.parse_value)
    parse_value                              0x08007921   Thumb Code   226  cjson.o(i.parse_value)
    i.realloc                                0x08007a1c   Section        0  mallocr.o(i.realloc)
    i.strtod                                 0x08007a88   Section        0  strtod.o(i.strtod)
    i.utf16_literal_to_utf8                  0x08007aa4   Section        0  cjson.o(i.utf16_literal_to_utf8)
    utf16_literal_to_utf8                    0x08007aa5   Thumb Code   210  cjson.o(i.utf16_literal_to_utf8)
    .constdata                               0x08007b76   Section       16  system_stm32f2xx.o(.constdata)
    .constdata                               0x08007b86   Section        8  system_stm32f2xx.o(.constdata)
    .constdata                               0x08007b90   Section       56  log.o(.constdata)
    Lg2                                      0x08007b90   Data          24  log.o(.constdata)
    Lg                                       0x08007ba8   Data          32  log.o(.constdata)
    .constdata                               0x08007bc8   Section        8  qnan.o(.constdata)
    .constdata                               0x08007bd0   Section      129  ctype_o.o(.constdata)
    .constdata                               0x08007c54   Section        4  ctype_o.o(.constdata)
    table                                    0x08007c54   Data           4  ctype_o.o(.constdata)
    .conststring                             0x08007c58   Section       87  main.o(.conststring)
    .data                                    0x20000000   Section      128  main.o(.data)
    .data                                    0x20000080   Section       12  stm32f2xx_hal.o(.data)
    .data                                    0x2000008c   Section        4  system_stm32f2xx.o(.data)
    .data                                    0x20000090   Section       20  cjson.o(.data)
    global_error                             0x20000090   Data           8  cjson.o(.data)
    global_hooks                             0x20000098   Data          12  cjson.o(.data)
    .data                                    0x200000a4   Section        4  rand.o(.data)
    _rand_state                              0x200000a4   Data           4  rand.o(.data)
    .data                                    0x200000a8   Section        4  strtok.o(.data)
    state                                    0x200000a8   Data           4  strtok.o(.data)
    .data                                    0x200000ac   Section        4  stdout.o(.data)
    .data                                    0x200000b0   Section        4  mvars.o(.data)
    .data                                    0x200000b4   Section        4  mvars.o(.data)
    .data                                    0x200000b8   Section        4  errno.o(.data)
    _errno                                   0x200000b8   Data           4  errno.o(.data)
    .bss                                     0x200000bc   Section     1512  main.o(.bss)
    HEAP                                     0x200006a8   Section      512  startup_stm32f205xx.o(HEAP)
    STACK                                    0x200008a8   Section     1024  startup_stm32f205xx.o(STACK)

    Global Symbols

    Symbol Name                              Value     Ov Type        Size  Object(Section)

    BuildAttributes$$THM_ISAv4$P$D$K$B$S$PE$A:L22UL41UL21$X:L11$S22US41US21$IEEE1$IW$USESV6$~STKCKD$USESV7$~SHL$OTIME$ROPI$IEEEX$EBA8$MICROLIB$REQ8$PRES8$EABIv2 0x00000000   Number         0  anon$$obj.o ABSOLUTE
    __ARM_use_no_argv                        0x00000000   Number         0  main.o ABSOLUTE
    _printf_a                                0x00000000   Number         0  stubs.o ABSOLUTE
    _printf_c                                0x00000000   Number         0  stubs.o ABSOLUTE
    _printf_charcount                        0x00000000   Number         0  stubs.o ABSOLUTE
    _printf_d                                0x00000000   Number         0  stubs.o ABSOLUTE
    _printf_e                                0x00000000   Number         0  stubs.o ABSOLUTE
    _printf_f                                0x00000000   Number         0  stubs.o ABSOLUTE
    _printf_flags                            0x00000000   Number         0  stubs.o ABSOLUTE
    _printf_fp_dec                           0x00000000   Number         0  stubs.o ABSOLUTE
    _printf_fp_hex                           0x00000000   Number         0  stubs.o ABSOLUTE
    _printf_g                                0x00000000   Number         0  stubs.o ABSOLUTE
    _printf_i                                0x00000000   Number         0  stubs.o ABSOLUTE
    _printf_int_dec                          0x00000000   Number         0  stubs.o ABSOLUTE
    _printf_l                                0x00000000   Number         0  stubs.o ABSOLUTE
    _printf_lc                               0x00000000   Number         0  stubs.o ABSOLUTE
    _printf_ll                               0x00000000   Number         0  stubs.o ABSOLUTE
    _printf_lld                              0x00000000   Number         0  stubs.o ABSOLUTE
    _printf_lli                              0x00000000   Number         0  stubs.o ABSOLUTE
    _printf_llo                              0x00000000   Number         0  stubs.o ABSOLUTE
    _printf_llu                              0x00000000   Number         0  stubs.o ABSOLUTE
    _printf_llx                              0x00000000   Number         0  stubs.o ABSOLUTE
    _printf_longlong_dec                     0x00000000   Number         0  stubs.o ABSOLUTE
    _printf_longlong_hex                     0x00000000   Number         0  stubs.o ABSOLUTE
    _printf_longlong_oct                     0x00000000   Number         0  stubs.o ABSOLUTE
    _printf_ls                               0x00000000   Number         0  stubs.o ABSOLUTE
    _printf_mbtowc                           0x00000000   Number         0  stubs.o ABSOLUTE
    _printf_n                                0x00000000   Number         0  stubs.o ABSOLUTE
    _printf_o                                0x00000000   Number         0  stubs.o ABSOLUTE
    _printf_p                                0x00000000   Number         0  stubs.o ABSOLUTE
    _printf_percent                          0x00000000   Number         0  stubs.o ABSOLUTE
    _printf_pre_padding                      0x00000000   Number         0  stubs.o ABSOLUTE
    _printf_return_value                     0x00000000   Number         0  stubs.o ABSOLUTE
    _printf_s                                0x00000000   Number         0  stubs.o ABSOLUTE
    _printf_sizespec                         0x00000000   Number         0  stubs.o ABSOLUTE
    _printf_str                              0x00000000   Number         0  stubs.o ABSOLUTE
    _printf_truncate_signed                  0x00000000   Number         0  stubs.o ABSOLUTE
    _printf_truncate_unsigned                0x00000000   Number         0  stubs.o ABSOLUTE
    _printf_u                                0x00000000   Number         0  stubs.o ABSOLUTE
    _printf_wc                               0x00000000   Number         0  stubs.o ABSOLUTE
    _printf_wctomb                           0x00000000   Number         0  stubs.o ABSOLUTE
    _printf_widthprec                        0x00000000   Number         0  stubs.o ABSOLUTE
    _printf_x                                0x00000000   Number         0  stubs.o ABSOLUTE
    __cpp_initialize__aeabi_                  - Undefined Weak Reference
    __cxa_finalize                            - Undefined Weak Reference
    __decompress                              - Undefined Weak Reference
    _clock_init                               - Undefined Weak Reference
    _microlib_exit                            - Undefined Weak Reference
    _scanf_int                                - Undefined Weak Reference
    _scanf_longlong                           - Undefined Weak Reference
    _scanf_string                             - Undefined Weak Reference
    __Vectors_Size                           0x00000184   Number         0  startup_stm32f205xx.o ABSOLUTE
    __Vectors                                0x08000000   Data           4  startup_stm32f205xx.o(RESET)
    __Vectors_End                            0x08000184   Data           0  startup_stm32f205xx.o(RESET)
    __main                                   0x08000185   Thumb Code     0  entry.o(.ARM.Collect$$$$00000000)
    _main_stk                                0x08000185   Thumb Code     0  entry2.o(.ARM.Collect$$$$00000001)
    _main_scatterload                        0x08000189   Thumb Code     0  entry5.o(.ARM.Collect$$$$00000004)
    __main_after_scatterload                 0x0800018d   Thumb Code     0  entry5.o(.ARM.Collect$$$$00000004)
    _main_clock                              0x0800018d   Thumb Code     0  entry7b.o(.ARM.Collect$$$$00000008)
    _main_cpp_init                           0x0800018d   Thumb Code     0  entry8b.o(.ARM.Collect$$$$0000000A)
    _main_init                               0x0800018d   Thumb Code     0  entry9a.o(.ARM.Collect$$$$0000000B)
    __rt_final_cpp                           0x08000195   Thumb Code     0  entry10a.o(.ARM.Collect$$$$0000000D)
    __rt_final_exit                          0x08000195   Thumb Code     0  entry11a.o(.ARM.Collect$$$$0000000F)
    Reset_Handler                            0x08000199   Thumb Code     8  startup_stm32f205xx.o(.text)
    CAN1_RX0_IRQHandler                      0x080001b3   Thumb Code     0  startup_stm32f205xx.o(.text)
    CAN1_RX1_IRQHandler                      0x080001b3   Thumb Code     0  startup_stm32f205xx.o(.text)
    CAN1_SCE_IRQHandler                      0x080001b3   Thumb Code     0  startup_stm32f205xx.o(.text)
    CAN1_TX_IRQHandler                       0x080001b3   Thumb Code     0  startup_stm32f205xx.o(.text)
    CAN2_RX0_IRQHandler                      0x080001b3   Thumb Code     0  startup_stm32f205xx.o(.text)
    CAN2_RX1_IRQHandler                      0x080001b3   Thumb Code     0  startup_stm32f205xx.o(.text)
    CAN2_SCE_IRQHandler                      0x080001b3   Thumb Code     0  startup_stm32f205xx.o(.text)
    CAN2_TX_IRQHandler                       0x080001b3   Thumb Code     0  startup_stm32f205xx.o(.text)
    DMA1_Stream0_IRQHandler                  0x080001b3   Thumb Code     0  startup_stm32f205xx.o(.text)
    DMA1_Stream1_IRQHandler                  0x080001b3   Thumb Code     0  startup_stm32f205xx.o(.text)
    DMA1_Stream2_IRQHandler                  0x080001b3   Thumb Code     0  startup_stm32f205xx.o(.text)
    DMA1_Stream3_IRQHandler                  0x080001b3   Thumb Code     0  startup_stm32f205xx.o(.text)
    DMA1_Stream4_IRQHandler                  0x080001b3   Thumb Code     0  startup_stm32f205xx.o(.text)
    DMA1_Stream5_IRQHandler                  0x080001b3   Thumb Code     0  startup_stm32f205xx.o(.text)
    DMA1_Stream6_IRQHandler                  0x080001b3   Thumb Code     0  startup_stm32f205xx.o(.text)
    DMA1_Stream7_IRQHandler                  0x080001b3   Thumb Code     0  startup_stm32f205xx.o(.text)
    DMA2_Stream0_IRQHandler                  0x080001b3   Thumb Code     0  startup_stm32f205xx.o(.text)
    DMA2_Stream1_IRQHandler                  0x080001b3   Thumb Code     0  startup_stm32f205xx.o(.text)
    DMA2_Stream2_IRQHandler                  0x080001b3   Thumb Code     0  startup_stm32f205xx.o(.text)
    DMA2_Stream3_IRQHandler                  0x080001b3   Thumb Code     0  startup_stm32f205xx.o(.text)
    DMA2_Stream4_IRQHandler                  0x080001b3   Thumb Code     0  startup_stm32f205xx.o(.text)
    DMA2_Stream5_IRQHandler                  0x080001b3   Thumb Code     0  startup_stm32f205xx.o(.text)
    DMA2_Stream6_IRQHandler                  0x080001b3   Thumb Code     0  startup_stm32f205xx.o(.text)
    DMA2_Stream7_IRQHandler                  0x080001b3   Thumb Code     0  startup_stm32f205xx.o(.text)
    EXTI0_IRQHandler                         0x080001b3   Thumb Code     0  startup_stm32f205xx.o(.text)
    EXTI15_10_IRQHandler                     0x080001b3   Thumb Code     0  startup_stm32f205xx.o(.text)
    EXTI1_IRQHandler                         0x080001b3   Thumb Code     0  startup_stm32f205xx.o(.text)
    EXTI2_IRQHandler                         0x080001b3   Thumb Code     0  startup_stm32f205xx.o(.text)
    EXTI3_IRQHandler                         0x080001b3   Thumb Code     0  startup_stm32f205xx.o(.text)
    EXTI4_IRQHandler                         0x080001b3   Thumb Code     0  startup_stm32f205xx.o(.text)
    EXTI9_5_IRQHandler                       0x080001b3   Thumb Code     0  startup_stm32f205xx.o(.text)
    FLASH_IRQHandler                         0x080001b3   Thumb Code     0  startup_stm32f205xx.o(.text)
    FSMC_IRQHandler                          0x080001b3   Thumb Code     0  startup_stm32f205xx.o(.text)
    HASH_RNG_IRQHandler                      0x080001b3   Thumb Code     0  startup_stm32f205xx.o(.text)
    I2C1_ER_IRQHandler                       0x080001b3   Thumb Code     0  startup_stm32f205xx.o(.text)
    I2C1_EV_IRQHandler                       0x080001b3   Thumb Code     0  startup_stm32f205xx.o(.text)
    I2C2_ER_IRQHandler                       0x080001b3   Thumb Code     0  startup_stm32f205xx.o(.text)
    I2C2_EV_IRQHandler                       0x080001b3   Thumb Code     0  startup_stm32f205xx.o(.text)
    I2C3_ER_IRQHandler                       0x080001b3   Thumb Code     0  startup_stm32f205xx.o(.text)
    I2C3_EV_IRQHandler                       0x080001b3   Thumb Code     0  startup_stm32f205xx.o(.text)
    OTG_FS_IRQHandler                        0x080001b3   Thumb Code     0  startup_stm32f205xx.o(.text)
    OTG_FS_WKUP_IRQHandler                   0x080001b3   Thumb Code     0  startup_stm32f205xx.o(.text)
    OTG_HS_EP1_IN_IRQHandler                 0x080001b3   Thumb Code     0  startup_stm32f205xx.o(.text)
    OTG_HS_EP1_OUT_IRQHandler                0x080001b3   Thumb Code     0  startup_stm32f205xx.o(.text)
    OTG_HS_IRQHandler                        0x080001b3   Thumb Code     0  startup_stm32f205xx.o(.text)
    OTG_HS_WKUP_IRQHandler                   0x080001b3   Thumb Code     0  startup_stm32f205xx.o(.text)
    PVD_IRQHandler                           0x080001b3   Thumb Code     0  startup_stm32f205xx.o(.text)
    RCC_IRQHandler                           0x080001b3   Thumb Code     0  startup_stm32f205xx.o(.text)
    RTC_Alarm_IRQHandler                     0x080001b3   Thumb Code     0  startup_stm32f205xx.o(.text)
    RTC_WKUP_IRQHandler                      0x080001b3   Thumb Code     0  startup_stm32f205xx.o(.text)
    SDIO_IRQHandler                          0x080001b3   Thumb Code     0  startup_stm32f205xx.o(.text)
    SPI1_IRQHandler                          0x080001b3   Thumb Code     0  startup_stm32f205xx.o(.text)
    SPI2_IRQHandler                          0x080001b3   Thumb Code     0  startup_stm32f205xx.o(.text)
    SPI3_IRQHandler                          0x080001b3   Thumb Code     0  startup_stm32f205xx.o(.text)
    TAMP_STAMP_IRQHandler                    0x080001b3   Thumb Code     0  startup_stm32f205xx.o(.text)
    TIM1_BRK_TIM9_IRQHandler                 0x080001b3   Thumb Code     0  startup_stm32f205xx.o(.text)
    TIM1_CC_IRQHandler                       0x080001b3   Thumb Code     0  startup_stm32f205xx.o(.text)
    TIM1_TRG_COM_TIM11_IRQHandler            0x080001b3   Thumb Code     0  startup_stm32f205xx.o(.text)
    TIM1_UP_TIM10_IRQHandler                 0x080001b3   Thumb Code     0  startup_stm32f205xx.o(.text)
    TIM2_IRQHandler                          0x080001b3   Thumb Code     0  startup_stm32f205xx.o(.text)
    TIM7_IRQHandler                          0x080001b3   Thumb Code     0  startup_stm32f205xx.o(.text)
    TIM8_BRK_TIM12_IRQHandler                0x080001b3   Thumb Code     0  startup_stm32f205xx.o(.text)
    TIM8_CC_IRQHandler                       0x080001b3   Thumb Code     0  startup_stm32f205xx.o(.text)
    TIM8_TRG_COM_TIM14_IRQHandler            0x080001b3   Thumb Code     0  startup_stm32f205xx.o(.text)
    TIM8_UP_TIM13_IRQHandler                 0x080001b3   Thumb Code     0  startup_stm32f205xx.o(.text)
    UART5_IRQHandler                         0x080001b3   Thumb Code     0  startup_stm32f205xx.o(.text)
    USART3_IRQHandler                        0x080001b3   Thumb Code     0  startup_stm32f205xx.o(.text)
    USART6_IRQHandler                        0x080001b3   Thumb Code     0  startup_stm32f205xx.o(.text)
    WWDG_IRQHandler                          0x080001b3   Thumb Code     0  startup_stm32f205xx.o(.text)
    __aeabi_uldivmod                         0x080001bd   Thumb Code    98  uldiv.o(.text)
    tolower                                  0x0800021f   Thumb Code    12  tolower.o(.text)
    rand                                     0x0800022d   Thumb Code    20  rand.o(.text)
    srand                                    0x08000241   Thumb Code     6  rand.o(.text)
    __aeabi_memcpy                           0x08000251   Thumb Code    36  memcpya.o(.text)
    __aeabi_memcpy4                          0x08000251   Thumb Code     0  memcpya.o(.text)
    __aeabi_memcpy8                          0x08000251   Thumb Code     0  memcpya.o(.text)
    __aeabi_memset                           0x08000275   Thumb Code    14  memseta.o(.text)
    __aeabi_memset4                          0x08000275   Thumb Code     0  memseta.o(.text)
    __aeabi_memset8                          0x08000275   Thumb Code     0  memseta.o(.text)
    __aeabi_memclr                           0x08000283   Thumb Code     4  memseta.o(.text)
    __aeabi_memclr4                          0x08000283   Thumb Code     0  memseta.o(.text)
    __aeabi_memclr8                          0x08000283   Thumb Code     0  memseta.o(.text)
    _memset$wrapper                          0x08000287   Thumb Code    18  memseta.o(.text)
    strcat                                   0x08000299   Thumb Code    24  strcat.o(.text)
    strstr                                   0x080002b1   Thumb Code    36  strstr.o(.text)
    strlen                                   0x080002d5   Thumb Code    14  strlen.o(.text)
    strcmp                                   0x080002e3   Thumb Code    28  strcmp.o(.text)
    strncmp                                  0x080002ff   Thumb Code    30  strncmp.o(.text)
    strtok                                   0x0800031d   Thumb Code    62  strtok.o(.text)
    _scanf_real                              0x08000461   Thumb Code     0  scanf_fp.o(.text)
    _scanf_really_real                       0x08000461   Thumb Code   556  scanf_fp.o(.text)
    atoi                                     0x08000699   Thumb Code    26  atoi.o(.text)
    __aeabi_fadd                             0x080006b3   Thumb Code   164  fadd.o(.text)
    __aeabi_fsub                             0x08000757   Thumb Code     6  fadd.o(.text)
    __aeabi_frsub                            0x0800075d   Thumb Code     6  fadd.o(.text)
    __aeabi_fmul                             0x08000763   Thumb Code   100  fmul.o(.text)
    __aeabi_fdiv                             0x080007c7   Thumb Code   124  fdiv.o(.text)
    __aeabi_dadd                             0x08000843   Thumb Code   322  dadd.o(.text)
    __aeabi_dsub                             0x08000985   Thumb Code     6  dadd.o(.text)
    __aeabi_drsub                            0x0800098b   Thumb Code     6  dadd.o(.text)
    __aeabi_dmul                             0x08000991   Thumb Code   228  dmul.o(.text)
    __ARM_scalbn                             0x08000a75   Thumb Code    46  dscalb.o(.text)
    scalbn                                   0x08000a75   Thumb Code     0  dscalb.o(.text)
    __aeabi_i2f                              0x08000aa3   Thumb Code    18  fflti.o(.text)
    __aeabi_ui2f                             0x08000ab5   Thumb Code    10  ffltui.o(.text)
    __aeabi_i2d                              0x08000abf   Thumb Code    34  dflti.o(.text)
    __aeabi_d2iz                             0x08000ae1   Thumb Code    62  dfixi.o(.text)
    __aeabi_f2d                              0x08000b1f   Thumb Code    38  f2d.o(.text)
    __aeabi_cdcmpeq                          0x08000b45   Thumb Code     0  cdcmple.o(.text)
    __aeabi_cdcmple                          0x08000b45   Thumb Code    48  cdcmple.o(.text)
    __aeabi_cdrcmple                         0x08000b75   Thumb Code    48  cdrcmple.o(.text)
    __aeabi_d2f                              0x08000ba5   Thumb Code    56  d2f.o(.text)
    __aeabi_uidiv                            0x08000bdd   Thumb Code     0  uidiv.o(.text)
    __aeabi_uidivmod                         0x08000bdd   Thumb Code    44  uidiv.o(.text)
    __aeabi_llsl                             0x08000c09   Thumb Code    30  llshl.o(.text)
    _ll_shift_l                              0x08000c09   Thumb Code     0  llshl.o(.text)
    __aeabi_llsr                             0x08000c27   Thumb Code    32  llushr.o(.text)
    _ll_ushift_r                             0x08000c27   Thumb Code     0  llushr.o(.text)
    __aeabi_lasr                             0x08000c47   Thumb Code    36  llsshr.o(.text)
    _ll_sshift_r                             0x08000c47   Thumb Code     0  llsshr.o(.text)
    _sgetc                                   0x08000c6b   Thumb Code    30  _sgetc.o(.text)
    _sbackspace                              0x08000c89   Thumb Code    34  _sgetc.o(.text)
    __strtod_int                             0x08000ce3   Thumb Code    90  strtod.o(.text)
    strtol                                   0x08000d49   Thumb Code   112  strtol.o(.text)
    __I$use$fp                               0x08000db9   Thumb Code     0  iusefp.o(.text)
    _float_round                             0x08000db9   Thumb Code    18  fepilogue.o(.text)
    _float_epilogue                          0x08000dcb   Thumb Code    92  fepilogue.o(.text)
    _double_round                            0x08000e27   Thumb Code    30  depilogue.o(.text)
    _double_epilogue                         0x08000e45   Thumb Code   156  depilogue.o(.text)
    __aeabi_ddiv                             0x08000ee1   Thumb Code   222  ddiv.o(.text)
    __aeabi_ul2d                             0x08000fbf   Thumb Code    24  dfltul.o(.text)
    __aeabi_d2ulz                            0x08000fd7   Thumb Code    48  dfixul.o(.text)
    __scatterload                            0x08001009   Thumb Code    28  init.o(.text)
    __scatterload_rt2                        0x08001009   Thumb Code     0  init.o(.text)
    __rt_ctype_table                         0x0800102d   Thumb Code     4  ctype_o.o(.text)
    isspace                                  0x08001035   Thumb Code    18  isspace_o.o(.text)
    _strtoul                                 0x08001047   Thumb Code   158  _strtoul.o(.text)
    _chval                                   0x080010e5   Thumb Code    28  _chval.o(.text)
    ADC_IRQHandler                           0x08001101   Thumb Code     6  stm32f2xx_it.o(i.ADC_IRQHandler)
    ADC_Select_CH10                          0x08001295   Thumb Code    34  main.o(i.ADC_Select_CH10)
    ADC_Select_CH13                          0x080012bd   Thumb Code    34  main.o(i.ADC_Select_CH13)
    BusFault_Handler                         0x080012e5   Thumb Code     2  stm32f2xx_it.o(i.BusFault_Handler)
    ConnectMQTT                              0x080012e9   Thumb Code   318  main.o(i.ConnectMQTT)
    DebugMon_Handler                         0x080014a9   Thumb Code     2  stm32f2xx_it.o(i.DebugMon_Handler)
    HAL_ADCEx_InjectedConfigChannel          0x080014ad   Thumb Code   786  stm32f2xx_hal_adc_ex.o(i.HAL_ADCEx_InjectedConfigChannel)
    HAL_ADCEx_InjectedConvCpltCallback       0x08001809   Thumb Code     2  stm32f2xx_hal_adc_ex.o(i.HAL_ADCEx_InjectedConvCpltCallback)
    HAL_ADC_ConfigChannel                    0x0800180d   Thumb Code   402  stm32f2xx_hal_adc.o(i.HAL_ADC_ConfigChannel)
    HAL_ADC_ConvCpltCallback                 0x080019e5   Thumb Code     2  stm32f2xx_hal_adc.o(i.HAL_ADC_ConvCpltCallback)
    HAL_ADC_ErrorCallback                    0x080019e7   Thumb Code     2  stm32f2xx_hal_adc.o(i.HAL_ADC_ErrorCallback)
    HAL_ADC_GetValue                         0x080019e9   Thumb Code     6  stm32f2xx_hal_adc.o(i.HAL_ADC_GetValue)
    HAL_ADC_IRQHandler                       0x080019f1   Thumb Code   374  stm32f2xx_hal_adc.o(i.HAL_ADC_IRQHandler)
    HAL_ADC_Init                             0x08001ba1   Thumb Code   470  stm32f2xx_hal_adc.o(i.HAL_ADC_Init)
    HAL_ADC_LevelOutOfWindowCallback         0x08001dc1   Thumb Code     2  stm32f2xx_hal_adc.o(i.HAL_ADC_LevelOutOfWindowCallback)
    HAL_ADC_MspInit                          0x08001dc5   Thumb Code   100  stm32f2xx_hal_msp.o(i.HAL_ADC_MspInit)
    HAL_ADC_Start                            0x08001e35   Thumb Code   240  stm32f2xx_hal_adc.o(i.HAL_ADC_Start)
    HAL_ADC_Stop                             0x08001f69   Thumb Code    92  stm32f2xx_hal_adc.o(i.HAL_ADC_Stop)
    HAL_DACEx_DMAUnderrunCallbackCh2         0x08002009   Thumb Code     2  stm32f2xx_hal_dac_ex.o(i.HAL_DACEx_DMAUnderrunCallbackCh2)
    HAL_DAC_ConfigChannel                    0x0800200d   Thumb Code   158  stm32f2xx_hal_dac.o(i.HAL_DAC_ConfigChannel)
    HAL_DAC_DMAUnderrunCallbackCh1           0x080020e5   Thumb Code     2  stm32f2xx_hal_dac.o(i.HAL_DAC_DMAUnderrunCallbackCh1)
    HAL_DAC_IRQHandler                       0x080020e7   Thumb Code   104  stm32f2xx_hal_dac.o(i.HAL_DAC_IRQHandler)
    HAL_DAC_Init                             0x08002151   Thumb Code    58  stm32f2xx_hal_dac.o(i.HAL_DAC_Init)
    HAL_DAC_MspInit                          0x080021c9   Thumb Code   100  stm32f2xx_hal_msp.o(i.HAL_DAC_MspInit)
    HAL_DAC_Start                            0x08002239   Thumb Code   108  stm32f2xx_hal_dac.o(i.HAL_DAC_Start)
    HAL_DMA_Abort                            0x080022dd   Thumb Code   146  stm32f2xx_hal_dma.o(i.HAL_DMA_Abort)
    HAL_DMA_Abort_IT                         0x0800236f   Thumb Code    36  stm32f2xx_hal_dma.o(i.HAL_DMA_Abort_IT)
    HAL_Delay                                0x08002395   Thumb Code    32  stm32f2xx_hal.o(i.HAL_Delay)
    HAL_GPIO_Init                            0x080023b9   Thumb Code   710  stm32f2xx_hal_gpio.o(i.HAL_GPIO_Init)
    HAL_GPIO_WritePin                        0x080026ed   Thumb Code    46  stm32f2xx_hal_gpio.o(i.HAL_GPIO_WritePin)
    HAL_GetTick                              0x08002759   Thumb Code     6  stm32f2xx_hal.o(i.HAL_GetTick)
    HAL_IncTick                              0x08002765   Thumb Code    12  stm32f2xx_hal.o(i.HAL_IncTick)
    HAL_Init                                 0x08002775   Thumb Code    48  stm32f2xx_hal.o(i.HAL_Init)
    HAL_InitTick                             0x080027a9   Thumb Code    54  stm32f2xx_hal.o(i.HAL_InitTick)
    HAL_MspInit                              0x080027e9   Thumb Code    42  stm32f2xx_hal_msp.o(i.HAL_MspInit)
    HAL_NVIC_EnableIRQ                       0x08002819   Thumb Code    40  stm32f2xx_hal_cortex.o(i.HAL_NVIC_EnableIRQ)
    HAL_NVIC_SetPriority                     0x0800287d   Thumb Code    94  stm32f2xx_hal_cortex.o(i.HAL_NVIC_SetPriority)
    HAL_NVIC_SetPriorityGrouping             0x0800291d   Thumb Code    58  stm32f2xx_hal_cortex.o(i.HAL_NVIC_SetPriorityGrouping)
    HAL_RCC_ClockConfig                      0x0800299d   Thumb Code   516  stm32f2xx_hal_rcc.o(i.HAL_RCC_ClockConfig)
    HAL_RCC_GetPCLK1Freq                     0x08002bed   Thumb Code    34  stm32f2xx_hal_rcc.o(i.HAL_RCC_GetPCLK1Freq)
    HAL_RCC_GetPCLK2Freq                     0x08002c1d   Thumb Code    34  stm32f2xx_hal_rcc.o(i.HAL_RCC_GetPCLK2Freq)
    HAL_RCC_GetSysClockFreq                  0x08002c4d   Thumb Code    88  stm32f2xx_hal_rcc.o(i.HAL_RCC_GetSysClockFreq)
    HAL_RCC_OscConfig                        0x08002cb1   Thumb Code  1120  stm32f2xx_hal_rcc.o(i.HAL_RCC_OscConfig)
    HAL_SYSTICK_Config                       0x08003111   Thumb Code    40  stm32f2xx_hal_cortex.o(i.HAL_SYSTICK_Config)
    HAL_TIMEx_BreakCallback                  0x08003139   Thumb Code     2  stm32f2xx_hal_tim_ex.o(i.HAL_TIMEx_BreakCallback)
    HAL_TIMEx_CommutCallback                 0x0800313b   Thumb Code     2  stm32f2xx_hal_tim_ex.o(i.HAL_TIMEx_CommutCallback)
    HAL_TIMEx_MasterConfigSynchronization    0x0800313d   Thumb Code   254  stm32f2xx_hal_tim_ex.o(i.HAL_TIMEx_MasterConfigSynchronization)
    HAL_TIM_Base_Init                        0x08003299   Thumb Code   260  stm32f2xx_hal_tim.o(i.HAL_TIM_Base_Init)
    HAL_TIM_Base_MspInit                     0x08003409   Thumb Code    86  stm32f2xx_hal_msp.o(i.HAL_TIM_Base_MspInit)
    HAL_TIM_Base_Start_IT                    0x0800346d   Thumb Code   200  stm32f2xx_hal_tim.o(i.HAL_TIM_Base_Start_IT)
    HAL_TIM_ConfigClockSource                0x0800359d   Thumb Code   914  stm32f2xx_hal_tim.o(i.HAL_TIM_ConfigClockSource)
    HAL_TIM_Encoder_Init                     0x0800399d   Thumb Code   482  stm32f2xx_hal_tim.o(i.HAL_TIM_Encoder_Init)
    HAL_TIM_Encoder_MspInit                  0x08003bcd   Thumb Code   108  stm32f2xx_hal_msp.o(i.HAL_TIM_Encoder_MspInit)
    HAL_TIM_Encoder_Start_IT                 0x08003c45   Thumb Code   248  stm32f2xx_hal_tim.o(i.HAL_TIM_Encoder_Start_IT)
    HAL_TIM_IC_CaptureCallback               0x08003d89   Thumb Code     2  stm32f2xx_hal_tim.o(i.HAL_TIM_IC_CaptureCallback)
    HAL_TIM_IRQHandler                       0x08003d8b   Thumb Code   358  stm32f2xx_hal_tim.o(i.HAL_TIM_IRQHandler)
    HAL_TIM_MspPostInit                      0x08003ef1   Thumb Code    68  stm32f2xx_hal_msp.o(i.HAL_TIM_MspPostInit)
    HAL_TIM_OC_DelayElapsedCallback          0x08003f41   Thumb Code     2  stm32f2xx_hal_tim.o(i.HAL_TIM_OC_DelayElapsedCallback)
    HAL_TIM_PWM_ConfigChannel                0x08003f45   Thumb Code   522  stm32f2xx_hal_tim.o(i.HAL_TIM_PWM_ConfigChannel)
    HAL_TIM_PWM_Init                         0x080041b5   Thumb Code   260  stm32f2xx_hal_tim.o(i.HAL_TIM_PWM_Init)
    HAL_TIM_PWM_MspInit                      0x08004325   Thumb Code     2  stm32f2xx_hal_tim.o(i.HAL_TIM_PWM_MspInit)
    HAL_TIM_PWM_PulseFinishedCallback        0x08004327   Thumb Code     2  stm32f2xx_hal_tim.o(i.HAL_TIM_PWM_PulseFinishedCallback)
    HAL_TIM_PeriodElapsedCallback            0x08004329   Thumb Code     2  stm32f2xx_hal_tim.o(i.HAL_TIM_PeriodElapsedCallback)
    HAL_TIM_TriggerCallback                  0x0800432b   Thumb Code     2  stm32f2xx_hal_tim.o(i.HAL_TIM_TriggerCallback)
    HAL_UARTEx_RxEventCallback               0x0800432d   Thumb Code     2  stm32f2xx_hal_uart.o(i.HAL_UARTEx_RxEventCallback)
    HAL_UART_ErrorCallback                   0x0800432f   Thumb Code     2  stm32f2xx_hal_uart.o(i.HAL_UART_ErrorCallback)
    HAL_UART_IRQHandler                      0x08004331   Thumb Code   522  stm32f2xx_hal_uart.o(i.HAL_UART_IRQHandler)
    HAL_UART_Init                            0x08004541   Thumb Code   246  stm32f2xx_hal_uart.o(i.HAL_UART_Init)
    HAL_UART_MspInit                         0x0800468d   Thumb Code   260  stm32f2xx_hal_msp.o(i.HAL_UART_MspInit)
    HAL_UART_Receive_IT                      0x080047a5   Thumb Code    42  stm32f2xx_hal_uart.o(i.HAL_UART_Receive_IT)
    HAL_UART_RxCpltCallback                  0x080047d1   Thumb Code    54  main.o(i.HAL_UART_RxCpltCallback)
    HAL_UART_Transmit                        0x08004815   Thumb Code   178  stm32f2xx_hal_uart.o(i.HAL_UART_Transmit)
    HAL_UART_TxCpltCallback                  0x080048c7   Thumb Code     2  stm32f2xx_hal_uart.o(i.HAL_UART_TxCpltCallback)
    HardFault_Handler                        0x080048c9   Thumb Code     2  stm32f2xx_it.o(i.HardFault_Handler)
    MemManage_Handler                        0x08004c15   Thumb Code     2  stm32f2xx_it.o(i.MemManage_Handler)
    NMI_Handler                              0x08004c17   Thumb Code     2  stm32f2xx_it.o(i.NMI_Handler)
    ParseJson                                0x08004c19   Thumb Code   224  main.o(i.ParseJson)
    PendSV_Handler                           0x08004d21   Thumb Code     2  stm32f2xx_it.o(i.PendSV_Handler)
    Received_AT_Commands_ESP                 0x08004d25   Thumb Code    16  main.o(i.Received_AT_Commands_ESP)
    Received_AT_Commands_ESP_MessagerMQTT    0x08004d3d   Thumb Code   144  main.o(i.Received_AT_Commands_ESP_MessagerMQTT)
    SVC_Handler                              0x08004e39   Thumb Code     2  stm32f2xx_it.o(i.SVC_Handler)
    SendData                                 0x08004e3d   Thumb Code   480  main.o(i.SendData)
    SendMQTT                                 0x080050c5   Thumb Code    58  main.o(i.SendMQTT)
    Send_AT_Commands_ConnectMQTT             0x08005105   Thumb Code   224  main.o(i.Send_AT_Commands_ConnectMQTT)
    Send_AT_Commands_SendMessager            0x0800525d   Thumb Code   228  main.o(i.Send_AT_Commands_SendMessager)
    Send_AT_Commands_Setting                 0x080053b5   Thumb Code   160  main.o(i.Send_AT_Commands_Setting)
    SettingESP                               0x080054c5   Thumb Code   132  main.o(i.SettingESP)
    SysTick_Handler                          0x080055c5   Thumb Code     4  stm32f2xx_it.o(i.SysTick_Handler)
    SystemClock_Config                       0x080055c9   Thumb Code   104  main.o(i.SystemClock_Config)
    SystemInit                               0x08005631   Thumb Code     2  system_stm32f2xx.o(i.SystemInit)
    TIM3_IRQHandler                          0x08005635   Thumb Code     6  stm32f2xx_it.o(i.TIM3_IRQHandler)
    TIM4_IRQHandler                          0x08005641   Thumb Code     6  stm32f2xx_it.o(i.TIM4_IRQHandler)
    TIM5_IRQHandler                          0x0800564d   Thumb Code     6  stm32f2xx_it.o(i.TIM5_IRQHandler)
    TIM6_DAC_IRQHandler                      0x08005659   Thumb Code     6  stm32f2xx_it.o(i.TIM6_DAC_IRQHandler)
    TIM_Base_SetConfig                       0x08005665   Thumb Code   156  stm32f2xx_hal_tim.o(i.TIM_Base_SetConfig)
    TIM_CCxChannelCmd                        0x0800572d   Thumb Code   142  stm32f2xx_hal_tim.o(i.TIM_CCxChannelCmd)
    TIM_ETR_SetConfig                        0x08005821   Thumb Code    20  stm32f2xx_hal_tim.o(i.TIM_ETR_SetConfig)
    TIM_OC2_SetConfig                        0x08005929   Thumb Code   170  stm32f2xx_hal_tim.o(i.TIM_OC2_SetConfig)
    UART4_IRQHandler                         0x08005bed   Thumb Code     6  stm32f2xx_it.o(i.UART4_IRQHandler)
    UART_Start_Receive_IT                    0x08005ead   Thumb Code    54  stm32f2xx_hal_uart.o(i.UART_Start_Receive_IT)
    USART1_IRQHandler                        0x08005f49   Thumb Code     6  stm32f2xx_it.o(i.USART1_IRQHandler)
    USART2_IRQHandler                        0x08005f55   Thumb Code     6  stm32f2xx_it.o(i.USART2_IRQHandler)
    UsageFault_Handler                       0x08005f61   Thumb Code     2  stm32f2xx_it.o(i.UsageFault_Handler)
    __0printf                                0x08005f65   Thumb Code    22  printfa.o(i.__0printf)
    __1printf                                0x08005f65   Thumb Code     0  printfa.o(i.__0printf)
    __2printf                                0x08005f65   Thumb Code     0  printfa.o(i.__0printf)
    __c89printf                              0x08005f65   Thumb Code     0  printfa.o(i.__0printf)
    printf                                   0x08005f65   Thumb Code     0  printfa.o(i.__0printf)
    __0snprintf                              0x08005f85   Thumb Code    44  printfa.o(i.__0snprintf)
    __1snprintf                              0x08005f85   Thumb Code     0  printfa.o(i.__0snprintf)
    __2snprintf                              0x08005f85   Thumb Code     0  printfa.o(i.__0snprintf)
    __c89snprintf                            0x08005f85   Thumb Code     0  printfa.o(i.__0snprintf)
    snprintf                                 0x08005f85   Thumb Code     0  printfa.o(i.__0snprintf)
    __0sprintf                               0x08005fb5   Thumb Code    34  printfa.o(i.__0sprintf)
    __1sprintf                               0x08005fb5   Thumb Code     0  printfa.o(i.__0sprintf)
    __2sprintf                               0x08005fb5   Thumb Code     0  printfa.o(i.__0sprintf)
    __c89sprintf                             0x08005fb5   Thumb Code     0  printfa.o(i.__0sprintf)
    sprintf                                  0x08005fb5   Thumb Code     0  printfa.o(i.__0sprintf)
    __aeabi_errno_addr                       0x08005ffd   Thumb Code     4  errno.o(i.__aeabi_errno_addr)
    __rt_errno_addr                          0x08005ffd   Thumb Code     0  errno.o(i.__aeabi_errno_addr)
    free                                     0x08006005   Thumb Code    88  mallocr.o(i.__free$realloc)
    __kernel_poly                            0x08006061   Thumb Code   170  poly.o(i.__kernel_poly)
    malloc                                   0x0800610d   Thumb Code    64  mallocr.o(i.__malloc$realloc)
    __mathlib_dbl_divzero                    0x0800615d   Thumb Code    12  dunder.o(i.__mathlib_dbl_divzero)
    __mathlib_dbl_infnan                     0x0800616d   Thumb Code     6  dunder.o(i.__mathlib_dbl_infnan)
    __mathlib_dbl_invalid                    0x08006173   Thumb Code    12  dunder.o(i.__mathlib_dbl_invalid)
    __scatterload_copy                       0x0800617f   Thumb Code    14  handlers.o(i.__scatterload_copy)
    __scatterload_null                       0x0800618d   Thumb Code     2  handlers.o(i.__scatterload_null)
    __scatterload_zeroinit                   0x0800618f   Thumb Code    14  handlers.o(i.__scatterload_zeroinit)
    __set_errno                              0x0800619d   Thumb Code     6  errno.o(i.__set_errno)
    _is_digit                                0x0800632d   Thumb Code    14  scanf_fp.o(i._is_digit)
    adc_1                                    0x08006a8d   Thumb Code   408  main.o(i.adc_1)
    assert_failed                            0x08006c95   Thumb Code     2  main.o(i.assert_failed)
    cJSON_Delete                             0x08006cc9   Thumb Code    66  cjson.o(i.cJSON_Delete)
    cJSON_GetObjectItem                      0x08006d11   Thumb Code     6  cjson.o(i.cJSON_GetObjectItem)
    cJSON_Parse                              0x08006d2d   Thumb Code     8  cjson.o(i.cJSON_Parse)
    cJSON_ParseWithLengthOpts                0x08006d35   Thumb Code   210  cjson.o(i.cJSON_ParseWithLengthOpts)
    cJSON_ParseWithOpts                      0x08006e11   Thumb Code    34  cjson.o(i.cJSON_ParseWithOpts)
    clearResponse                            0x08006e35   Thumb Code    24  main.o(i.clearResponse)
    clearbuffer_UART_ESP                     0x08006e55   Thumb Code    24  main.o(i.clearbuffer_UART_ESP)
    fputc                                    0x08006e75   Thumb Code    20  main.o(i.fputc)
    log                                      0x08006f59   Thumb Code   808  log.o(i.log)
    log10                                    0x080072b5   Thumb Code   198  log10.o(i.log10)
    main                                     0x08007399   Thumb Code   310  main.o(i.main)
    realloc                                  0x08007a1d   Thumb Code   102  mallocr.o(i.realloc)
    strtod                                   0x08007a89   Thumb Code    28  strtod.o(i.strtod)
    AHBPrescTable                            0x08007b76   Data          16  system_stm32f2xx.o(.constdata)
    APBPrescTable                            0x08007b86   Data           8  system_stm32f2xx.o(.constdata)
    __mathlib_zero                           0x08007bc8   Data           8  qnan.o(.constdata)
    __ctype_table                            0x08007bd0   Data         129  ctype_o.o(.constdata)
    Region$$Table$$Base                      0x08007cb0   Number         0  anon$$obj.o(Region$$Table)
    Region$$Table$$Limit                     0x08007cd0   Number         0  anon$$obj.o(Region$$Table)
    ErrorCode                                0x20000000   Data           1  main.o(.data)
    CheckConnect                             0x20000001   Data           1  main.o(.data)
    Av                                       0x20000002   Data           1  main.o(.data)
    rx_index1                                0x20000003   Data           1  main.o(.data)
    rx_data1                                 0x20000004   Data           1  main.o(.data)
    rx_data2                                 0x20000005   Data           1  main.o(.data)
    adc_value                                0x20000006   Data           2  main.o(.data)
    adc_value2                               0x20000008   Data           2  main.o(.data)
    ConfigAT                                 0x2000000c   Data           4  main.o(.data)
    last                                     0x20000010   Data           4  main.o(.data)
    ND                                       0x20000014   Data           4  main.o(.data)
    DA                                       0x20000018   Data           4  main.o(.data)
    docadc                                   0x2000001c   Data           4  main.o(.data)
    TTTB1                                    0x20000020   Data           4  main.o(.data)
    TTTB2                                    0x20000024   Data           4  main.o(.data)
    C1                                       0x20000028   Data           4  main.o(.data)
    C2                                       0x2000002c   Data           4  main.o(.data)
    chedo                                    0x20000030   Data           4  main.o(.data)
    doadc                                    0x20000034   Data           4  main.o(.data)
    fixadc                                   0x20000038   Data           4  main.o(.data)
    readadc                                  0x2000003c   Data           4  main.o(.data)
    Rtro                                     0x20000040   Data           4  main.o(.data)
    mqtt_server                              0x20000044   Data           4  main.o(.data)
    mqtt_port                                0x20000048   Data           4  main.o(.data)
    mqtt_user                                0x2000004c   Data           4  main.o(.data)
    mqtt_pass                                0x20000050   Data           4  main.o(.data)
    mqtt_sub                                 0x20000054   Data           4  main.o(.data)
    mqtt_pub                                 0x20000058   Data           4  main.o(.data)
    str_json                                 0x2000005c   Data           4  main.o(.data)
    str_TB1                                  0x20000060   Data           4  main.o(.data)
    str_TB2                                  0x20000064   Data           4  main.o(.data)
    str_C1                                   0x20000068   Data           4  main.o(.data)
    str_C2                                   0x2000006c   Data           4  main.o(.data)
    str_Mode                                 0x20000070   Data           4  main.o(.data)
    rx_indexResponse                         0x20000074   Data           4  main.o(.data)
    donhietdo                                0x20000078   Data           4  main.o(.data)
    x                                        0x2000007c   Data           4  main.o(.data)
    uwTickFreq                               0x20000080   Data           1  stm32f2xx_hal.o(.data)
    uwTickPrio                               0x20000084   Data           4  stm32f2xx_hal.o(.data)
    uwTick                                   0x20000088   Data           4  stm32f2xx_hal.o(.data)
    SystemCoreClock                          0x2000008c   Data           4  system_stm32f2xx.o(.data)
    __stdout                                 0x200000ac   Data           4  stdout.o(.data)
    __microlib_freelist                      0x200000b0   Data           4  mvars.o(.data)
    __microlib_freelist_initialised          0x200000b4   Data           4  mvars.o(.data)
    hadc3                                    0x200000bc   Data          72  main.o(.bss)
    hdac                                     0x20000104   Data          20  main.o(.bss)
    htim3                                    0x20000118   Data          72  main.o(.bss)
    htim4                                    0x20000160   Data          72  main.o(.bss)
    htim5                                    0x200001a8   Data          72  main.o(.bss)
    huart4                                   0x200001f0   Data          68  main.o(.bss)
    huart1                                   0x20000234   Data          68  main.o(.bss)
    huart2                                   0x20000278   Data          68  main.o(.bss)
    rx_buffer1                               0x200002bc   Data         500  main.o(.bss)
    ResponseRX                               0x200004b0   Data         500  main.o(.bss)
    __heap_base                              0x200006a8   Data           0  startup_stm32f205xx.o(HEAP)
    __heap_limit                             0x200008a8   Data           0  startup_stm32f205xx.o(HEAP)
    __initial_sp                             0x20000ca8   Data           0  startup_stm32f205xx.o(STACK)



==============================================================================

Memory Map of the image

  Image Entry point : 0x08000185

  Load Region LR_IROM1 (Base: 0x08000000, Size: 0x00007d8c, Max: 0x00040000, ABSOLUTE)

    Execution Region ER_IROM1 (Base: 0x08000000, Size: 0x00007cd0, Max: 0x00040000, ABSOLUTE)

    Base Addr    Size         Type   Attr      Idx    E Section Name        Object

    0x08000000   0x00000184   Data   RO            3    RESET               startup_stm32f205xx.o
    0x08000184   0x00000000   Code   RO         4374  * .ARM.Collect$$$$00000000  mc_w.l(entry.o)
    0x08000184   0x00000004   Code   RO         4759    .ARM.Collect$$$$00000001  mc_w.l(entry2.o)
    0x08000188   0x00000004   Code   RO         4762    .ARM.Collect$$$$00000004  mc_w.l(entry5.o)
    0x0800018c   0x00000000   Code   RO         4764    .ARM.Collect$$$$00000008  mc_w.l(entry7b.o)
    0x0800018c   0x00000000   Code   RO         4766    .ARM.Collect$$$$0000000A  mc_w.l(entry8b.o)
    0x0800018c   0x00000008   Code   RO         4767    .ARM.Collect$$$$0000000B  mc_w.l(entry9a.o)
    0x08000194   0x00000000   Code   RO         4769    .ARM.Collect$$$$0000000D  mc_w.l(entry10a.o)
    0x08000194   0x00000000   Code   RO         4771    .ARM.Collect$$$$0000000F  mc_w.l(entry11a.o)
    0x08000194   0x00000004   Code   RO         4760    .ARM.Collect$$$$00002712  mc_w.l(entry2.o)
    0x08000198   0x00000024   Code   RO            4    .text               startup_stm32f205xx.o
    0x080001bc   0x00000062   Code   RO         4377    .text               mc_w.l(uldiv.o)
    0x0800021e   0x0000000c   Code   RO         4379    .text               mc_w.l(tolower.o)
    0x0800022a   0x00000002   PAD
    0x0800022c   0x00000024   Code   RO         4381    .text               mc_w.l(rand.o)
    0x08000250   0x00000024   Code   RO         4384    .text               mc_w.l(memcpya.o)
    0x08000274   0x00000024   Code   RO         4386    .text               mc_w.l(memseta.o)
    0x08000298   0x00000018   Code   RO         4388    .text               mc_w.l(strcat.o)
    0x080002b0   0x00000024   Code   RO         4390    .text               mc_w.l(strstr.o)
    0x080002d4   0x0000000e   Code   RO         4392    .text               mc_w.l(strlen.o)
    0x080002e2   0x0000001c   Code   RO         4394    .text               mc_w.l(strcmp.o)
    0x080002fe   0x0000001e   Code   RO         4398    .text               mc_w.l(strncmp.o)
    0x0800031c   0x00000044   Code   RO         4400    .text               mc_w.l(strtok.o)
    0x08000360   0x00000338   Code   RO         4701    .text               mc_w.l(scanf_fp.o)
    0x08000698   0x0000001a   Code   RO         4705    .text               mc_w.l(atoi.o)
    0x080006b2   0x000000b0   Code   RO         4707    .text               mf_w.l(fadd.o)
    0x08000762   0x00000064   Code   RO         4709    .text               mf_w.l(fmul.o)
    0x080007c6   0x0000007c   Code   RO         4711    .text               mf_w.l(fdiv.o)
    0x08000842   0x0000014e   Code   RO         4713    .text               mf_w.l(dadd.o)
    0x08000990   0x000000e4   Code   RO         4715    .text               mf_w.l(dmul.o)
    0x08000a74   0x0000002e   Code   RO         4717    .text               mf_w.l(dscalb.o)
    0x08000aa2   0x00000012   Code   RO         4719    .text               mf_w.l(fflti.o)
    0x08000ab4   0x0000000a   Code   RO         4721    .text               mf_w.l(ffltui.o)
    0x08000abe   0x00000022   Code   RO         4723    .text               mf_w.l(dflti.o)
    0x08000ae0   0x0000003e   Code   RO         4725    .text               mf_w.l(dfixi.o)
    0x08000b1e   0x00000026   Code   RO         4727    .text               mf_w.l(f2d.o)
    0x08000b44   0x00000030   Code   RO         4729    .text               mf_w.l(cdcmple.o)
    0x08000b74   0x00000030   Code   RO         4731    .text               mf_w.l(cdrcmple.o)
    0x08000ba4   0x00000038   Code   RO         4733    .text               mf_w.l(d2f.o)
    0x08000bdc   0x0000002c   Code   RO         4774    .text               mc_w.l(uidiv.o)
    0x08000c08   0x0000001e   Code   RO         4776    .text               mc_w.l(llshl.o)
    0x08000c26   0x00000020   Code   RO         4778    .text               mc_w.l(llushr.o)
    0x08000c46   0x00000024   Code   RO         4780    .text               mc_w.l(llsshr.o)
    0x08000c6a   0x00000040   Code   RO         4793    .text               mc_w.l(_sgetc.o)
    0x08000caa   0x00000002   PAD
    0x08000cac   0x0000009c   Code   RO         4795    .text               mc_w.l(strtod.o)
    0x08000d48   0x00000070   Code   RO         4797    .text               mc_w.l(strtol.o)
    0x08000db8   0x00000000   Code   RO         4799    .text               mc_w.l(iusefp.o)
    0x08000db8   0x0000006e   Code   RO         4800    .text               mf_w.l(fepilogue.o)
    0x08000e26   0x000000ba   Code   RO         4802    .text               mf_w.l(depilogue.o)
    0x08000ee0   0x000000de   Code   RO         4804    .text               mf_w.l(ddiv.o)
    0x08000fbe   0x00000018   Code   RO         4806    .text               mf_w.l(dfltul.o)
    0x08000fd6   0x00000030   Code   RO         4808    .text               mf_w.l(dfixul.o)
    0x08001006   0x00000002   PAD
    0x08001008   0x00000024   Code   RO         4813    .text               mc_w.l(init.o)
    0x0800102c   0x00000008   Code   RO         4817    .text               mc_w.l(ctype_o.o)
    0x08001034   0x00000012   Code   RO         4839    .text               mc_w.l(isspace_o.o)
    0x08001046   0x0000009e   Code   RO         4847    .text               mc_w.l(_strtoul.o)
    0x080010e4   0x0000001c   Code   RO         4852    .text               mc_w.l(_chval.o)
    0x08001100   0x0000000c   Code   RO          342    i.ADC_IRQHandler    stm32f2xx_it.o
    0x0800110c   0x00000188   Code   RO          559    i.ADC_Init          stm32f2xx_hal_adc.o
    0x08001294   0x00000028   Code   RO           13    i.ADC_Select_CH10   main.o
    0x080012bc   0x00000028   Code   RO           14    i.ADC_Select_CH13   main.o
    0x080012e4   0x00000002   Code   RO          343    i.BusFault_Handler  stm32f2xx_it.o
    0x080012e6   0x00000002   PAD
    0x080012e8   0x000001c0   Code   RO           16    i.ConnectMQTT       main.o
    0x080014a8   0x00000002   Code   RO          344    i.DebugMon_Handler  stm32f2xx_it.o
    0x080014aa   0x00000002   PAD
    0x080014ac   0x0000035c   Code   RO          729    i.HAL_ADCEx_InjectedConfigChannel  stm32f2xx_hal_adc_ex.o
    0x08001808   0x00000002   Code   RO          730    i.HAL_ADCEx_InjectedConvCpltCallback  stm32f2xx_hal_adc_ex.o
    0x0800180a   0x00000002   PAD
    0x0800180c   0x000001d8   Code   RO          561    i.HAL_ADC_ConfigChannel  stm32f2xx_hal_adc.o
    0x080019e4   0x00000002   Code   RO          562    i.HAL_ADC_ConvCpltCallback  stm32f2xx_hal_adc.o
    0x080019e6   0x00000002   Code   RO          565    i.HAL_ADC_ErrorCallback  stm32f2xx_hal_adc.o
    0x080019e8   0x00000006   Code   RO          568    i.HAL_ADC_GetValue  stm32f2xx_hal_adc.o
    0x080019ee   0x00000002   PAD
    0x080019f0   0x000001b0   Code   RO          569    i.HAL_ADC_IRQHandler  stm32f2xx_hal_adc.o
    0x08001ba0   0x00000220   Code   RO          570    i.HAL_ADC_Init      stm32f2xx_hal_adc.o
    0x08001dc0   0x00000002   Code   RO          571    i.HAL_ADC_LevelOutOfWindowCallback  stm32f2xx_hal_adc.o
    0x08001dc2   0x00000002   PAD
    0x08001dc4   0x00000070   Code   RO          467    i.HAL_ADC_MspInit   stm32f2xx_hal_msp.o
    0x08001e34   0x00000134   Code   RO          576    i.HAL_ADC_Start     stm32f2xx_hal_adc.o
    0x08001f68   0x000000a0   Code   RO          579    i.HAL_ADC_Stop      stm32f2xx_hal_adc.o
    0x08002008   0x00000002   Code   RO         2085    i.HAL_DACEx_DMAUnderrunCallbackCh2  stm32f2xx_hal_dac_ex.o
    0x0800200a   0x00000002   PAD
    0x0800200c   0x000000d8   Code   RO         1939    i.HAL_DAC_ConfigChannel  stm32f2xx_hal_dac.o
    0x080020e4   0x00000002   Code   RO         1942    i.HAL_DAC_DMAUnderrunCallbackCh1  stm32f2xx_hal_dac.o
    0x080020e6   0x00000068   Code   RO         1948    i.HAL_DAC_IRQHandler  stm32f2xx_hal_dac.o
    0x0800214e   0x00000002   PAD
    0x08002150   0x00000078   Code   RO         1949    i.HAL_DAC_Init      stm32f2xx_hal_dac.o
    0x080021c8   0x00000070   Code   RO          469    i.HAL_DAC_MspInit   stm32f2xx_hal_msp.o
    0x08002238   0x000000a4   Code   RO         1953    i.HAL_DAC_Start     stm32f2xx_hal_dac.o
    0x080022dc   0x00000092   Code   RO         1720    i.HAL_DMA_Abort     stm32f2xx_hal_dma.o
    0x0800236e   0x00000024   Code   RO         1721    i.HAL_DMA_Abort_IT  stm32f2xx_hal_dma.o
    0x08002392   0x00000002   PAD
    0x08002394   0x00000024   Code   RO          838    i.HAL_Delay         stm32f2xx_hal.o
    0x080023b8   0x00000334   Code   RO         1654    i.HAL_GPIO_Init     stm32f2xx_hal_gpio.o
    0x080026ec   0x0000006c   Code   RO         1658    i.HAL_GPIO_WritePin  stm32f2xx_hal_gpio.o
    0x08002758   0x0000000c   Code   RO          844    i.HAL_GetTick       stm32f2xx_hal.o
    0x08002764   0x00000010   Code   RO          850    i.HAL_IncTick       stm32f2xx_hal.o
    0x08002774   0x00000034   Code   RO          851    i.HAL_Init          stm32f2xx_hal.o
    0x080027a8   0x00000040   Code   RO          852    i.HAL_InitTick      stm32f2xx_hal.o
    0x080027e8   0x00000030   Code   RO          470    i.HAL_MspInit       stm32f2xx_hal_msp.o
    0x08002818   0x00000064   Code   RO         1166    i.HAL_NVIC_EnableIRQ  stm32f2xx_hal_cortex.o
    0x0800287c   0x000000a0   Code   RO         1172    i.HAL_NVIC_SetPriority  stm32f2xx_hal_cortex.o
    0x0800291c   0x00000080   Code   RO         1173    i.HAL_NVIC_SetPriorityGrouping  stm32f2xx_hal_cortex.o
    0x0800299c   0x00000250   Code   RO         1018    i.HAL_RCC_ClockConfig  stm32f2xx_hal_rcc.o
    0x08002bec   0x00000030   Code   RO         1025    i.HAL_RCC_GetPCLK1Freq  stm32f2xx_hal_rcc.o
    0x08002c1c   0x00000030   Code   RO         1026    i.HAL_RCC_GetPCLK2Freq  stm32f2xx_hal_rcc.o
    0x08002c4c   0x00000064   Code   RO         1027    i.HAL_RCC_GetSysClockFreq  stm32f2xx_hal_rcc.o
    0x08002cb0   0x00000460   Code   RO         1030    i.HAL_RCC_OscConfig  stm32f2xx_hal_rcc.o
    0x08003110   0x00000028   Code   RO         1177    i.HAL_SYSTICK_Config  stm32f2xx_hal_cortex.o
    0x08003138   0x00000002   Code   RO         2883    i.HAL_TIMEx_BreakCallback  stm32f2xx_hal_tim_ex.o
    0x0800313a   0x00000002   Code   RO         2884    i.HAL_TIMEx_CommutCallback  stm32f2xx_hal_tim_ex.o
    0x0800313c   0x0000015c   Code   RO         2902    i.HAL_TIMEx_MasterConfigSynchronization  stm32f2xx_hal_tim_ex.o
    0x08003298   0x00000170   Code   RO         2178    i.HAL_TIM_Base_Init  stm32f2xx_hal_tim.o
    0x08003408   0x00000064   Code   RO          472    i.HAL_TIM_Base_MspInit  stm32f2xx_hal_msp.o
    0x0800346c   0x00000130   Code   RO         2183    i.HAL_TIM_Base_Start_IT  stm32f2xx_hal_tim.o
    0x0800359c   0x00000400   Code   RO         2187    i.HAL_TIM_ConfigClockSource  stm32f2xx_hal_tim.o
    0x0800399c   0x00000230   Code   RO         2199    i.HAL_TIM_Encoder_Init  stm32f2xx_hal_tim.o
    0x08003bcc   0x00000078   Code   RO          474    i.HAL_TIM_Encoder_MspInit  stm32f2xx_hal_msp.o
    0x08003c44   0x00000144   Code   RO         2204    i.HAL_TIM_Encoder_Start_IT  stm32f2xx_hal_tim.o
    0x08003d88   0x00000002   Code   RO         2212    i.HAL_TIM_IC_CaptureCallback  stm32f2xx_hal_tim.o
    0x08003d8a   0x00000166   Code   RO         2226    i.HAL_TIM_IRQHandler  stm32f2xx_hal_tim.o
    0x08003ef0   0x00000050   Code   RO          475    i.HAL_TIM_MspPostInit  stm32f2xx_hal_msp.o
    0x08003f40   0x00000002   Code   RO         2229    i.HAL_TIM_OC_DelayElapsedCallback  stm32f2xx_hal_tim.o
    0x08003f42   0x00000002   PAD
    0x08003f44   0x00000270   Code   RO         2250    i.HAL_TIM_PWM_ConfigChannel  stm32f2xx_hal_tim.o
    0x080041b4   0x00000170   Code   RO         2253    i.HAL_TIM_PWM_Init  stm32f2xx_hal_tim.o
    0x08004324   0x00000002   Code   RO         2255    i.HAL_TIM_PWM_MspInit  stm32f2xx_hal_tim.o
    0x08004326   0x00000002   Code   RO         2256    i.HAL_TIM_PWM_PulseFinishedCallback  stm32f2xx_hal_tim.o
    0x08004328   0x00000002   Code   RO         2264    i.HAL_TIM_PeriodElapsedCallback  stm32f2xx_hal_tim.o
    0x0800432a   0x00000002   Code   RO         2269    i.HAL_TIM_TriggerCallback  stm32f2xx_hal_tim.o
    0x0800432c   0x00000002   Code   RO         3161    i.HAL_UARTEx_RxEventCallback  stm32f2xx_hal_uart.o
    0x0800432e   0x00000002   Code   RO         3175    i.HAL_UART_ErrorCallback  stm32f2xx_hal_uart.o
    0x08004330   0x00000210   Code   RO         3178    i.HAL_UART_IRQHandler  stm32f2xx_hal_uart.o
    0x08004540   0x0000014c   Code   RO         3179    i.HAL_UART_Init     stm32f2xx_hal_uart.o
    0x0800468c   0x00000118   Code   RO          477    i.HAL_UART_MspInit  stm32f2xx_hal_msp.o
    0x080047a4   0x0000002a   Code   RO         3184    i.HAL_UART_Receive_IT  stm32f2xx_hal_uart.o
    0x080047ce   0x00000002   PAD
    0x080047d0   0x00000044   Code   RO           18    i.HAL_UART_RxCpltCallback  main.o
    0x08004814   0x000000b2   Code   RO         3187    i.HAL_UART_Transmit  stm32f2xx_hal_uart.o
    0x080048c6   0x00000002   Code   RO         3190    i.HAL_UART_TxCpltCallback  stm32f2xx_hal_uart.o
    0x080048c8   0x00000002   Code   RO          345    i.HardFault_Handler  stm32f2xx_it.o
    0x080048ca   0x00000002   PAD
    0x080048cc   0x000000ac   Code   RO           19    i.MX_ADC3_Init      main.o
    0x08004978   0x00000130   Code   RO           20    i.MX_GPIO_Init      main.o
    0x08004aa8   0x00000098   Code   RO           21    i.MX_TIM3_Init      main.o
    0x08004b40   0x0000006c   Code   RO           22    i.MX_TIM4_Init      main.o
    0x08004bac   0x00000068   Code   RO           23    i.MX_TIM5_Init      main.o
    0x08004c14   0x00000002   Code   RO          346    i.MemManage_Handler  stm32f2xx_it.o
    0x08004c16   0x00000002   Code   RO          347    i.NMI_Handler       stm32f2xx_it.o
    0x08004c18   0x00000108   Code   RO           24    i.ParseJson         main.o
    0x08004d20   0x00000002   Code   RO          348    i.PendSV_Handler    stm32f2xx_it.o
    0x08004d22   0x00000002   PAD
    0x08004d24   0x00000018   Code   RO           25    i.Received_AT_Commands_ESP  main.o
    0x08004d3c   0x000000fc   Code   RO           26    i.Received_AT_Commands_ESP_MessagerMQTT  main.o
    0x08004e38   0x00000002   Code   RO          349    i.SVC_Handler       stm32f2xx_it.o
    0x08004e3a   0x00000002   PAD
    0x08004e3c   0x00000288   Code   RO           27    i.SendData          main.o
    0x080050c4   0x00000040   Code   RO           28    i.SendMQTT          main.o
    0x08005104   0x00000158   Code   RO           29    i.Send_AT_Commands_ConnectMQTT  main.o
    0x0800525c   0x00000158   Code   RO           30    i.Send_AT_Commands_SendMessager  main.o
    0x080053b4   0x00000110   Code   RO           31    i.Send_AT_Commands_Setting  main.o
    0x080054c4   0x00000100   Code   RO           32    i.SettingESP        main.o
    0x080055c4   0x00000004   Code   RO          350    i.SysTick_Handler   stm32f2xx_it.o
    0x080055c8   0x00000068   Code   RO           33    i.SystemClock_Config  main.o
    0x08005630   0x00000002   Code   RO         3508    i.SystemInit        system_stm32f2xx.o
    0x08005632   0x00000002   PAD
    0x08005634   0x0000000c   Code   RO          351    i.TIM3_IRQHandler   stm32f2xx_it.o
    0x08005640   0x0000000c   Code   RO          352    i.TIM4_IRQHandler   stm32f2xx_it.o
    0x0800564c   0x0000000c   Code   RO          353    i.TIM5_IRQHandler   stm32f2xx_it.o
    0x08005658   0x0000000c   Code   RO          354    i.TIM6_DAC_IRQHandler  stm32f2xx_it.o
    0x08005664   0x000000c8   Code   RO         2271    i.TIM_Base_SetConfig  stm32f2xx_hal_tim.o
    0x0800572c   0x000000f4   Code   RO         2272    i.TIM_CCxChannelCmd  stm32f2xx_hal_tim.o
    0x08005820   0x00000014   Code   RO         2282    i.TIM_ETR_SetConfig  stm32f2xx_hal_tim.o
    0x08005834   0x00000010   Code   RO         2283    i.TIM_ITRx_SetConfig  stm32f2xx_hal_tim.o
    0x08005844   0x000000e4   Code   RO         2284    i.TIM_OC1_SetConfig  stm32f2xx_hal_tim.o
    0x08005928   0x000000ec   Code   RO         2285    i.TIM_OC2_SetConfig  stm32f2xx_hal_tim.o
    0x08005a14   0x000000ec   Code   RO         2286    i.TIM_OC3_SetConfig  stm32f2xx_hal_tim.o
    0x08005b00   0x000000a4   Code   RO         2287    i.TIM_OC4_SetConfig  stm32f2xx_hal_tim.o
    0x08005ba4   0x00000022   Code   RO         2289    i.TIM_TI1_ConfigInputStage  stm32f2xx_hal_tim.o
    0x08005bc6   0x00000024   Code   RO         2291    i.TIM_TI2_ConfigInputStage  stm32f2xx_hal_tim.o
    0x08005bea   0x00000002   PAD
    0x08005bec   0x0000000c   Code   RO          355    i.UART4_IRQHandler  stm32f2xx_it.o
    0x08005bf8   0x00000010   Code   RO         3192    i.UART_DMAAbortOnError  stm32f2xx_hal_uart.o
    0x08005c08   0x00000030   Code   RO         3202    i.UART_EndRxTransfer  stm32f2xx_hal_uart.o
    0x08005c38   0x000000b6   Code   RO         3204    i.UART_Receive_IT   stm32f2xx_hal_uart.o
    0x08005cee   0x00000002   PAD
    0x08005cf0   0x000001bc   Code   RO         3205    i.UART_SetConfig    stm32f2xx_hal_uart.o
    0x08005eac   0x00000036   Code   RO         3207    i.UART_Start_Receive_IT  stm32f2xx_hal_uart.o
    0x08005ee2   0x00000064   Code   RO         3208    i.UART_WaitOnFlagUntilTimeout  stm32f2xx_hal_uart.o
    0x08005f46   0x00000002   PAD
    0x08005f48   0x0000000c   Code   RO          356    i.USART1_IRQHandler  stm32f2xx_it.o
    0x08005f54   0x0000000c   Code   RO          357    i.USART2_IRQHandler  stm32f2xx_it.o
    0x08005f60   0x00000002   Code   RO          358    i.UsageFault_Handler  stm32f2xx_it.o
    0x08005f62   0x00000002   PAD
    0x08005f64   0x00000020   Code   RO         4643    i.__0printf         mc_w.l(printfa.o)
    0x08005f84   0x00000030   Code   RO         4644    i.__0snprintf       mc_w.l(printfa.o)
    0x08005fb4   0x00000028   Code   RO         4645    i.__0sprintf        mc_w.l(printfa.o)
    0x08005fdc   0x00000020   Code   RO         1179    i.__NVIC_SetPriority  stm32f2xx_hal_cortex.o
    0x08005ffc   0x00000008   Code   RO         4784    i.__aeabi_errno_addr  mc_w.l(errno.o)
    0x08006004   0x0000005c   Code   RO         4675    i.__free$realloc    mc_w.l(mallocr.o)
    0x08006060   0x000000aa   Code   RO         4810    i.__kernel_poly     m_ws.l(poly.o)
    0x0800610a   0x00000002   PAD
    0x0800610c   0x00000050   Code   RO         4676    i.__malloc$realloc  mc_w.l(mallocr.o)
    0x0800615c   0x00000010   Code   RO         4735    i.__mathlib_dbl_divzero  m_ws.l(dunder.o)
    0x0800616c   0x00000006   Code   RO         4736    i.__mathlib_dbl_infnan  m_ws.l(dunder.o)
    0x08006172   0x0000000c   Code   RO         4738    i.__mathlib_dbl_invalid  m_ws.l(dunder.o)
    0x0800617e   0x0000000e   Code   RO         4856    i.__scatterload_copy  mc_w.l(handlers.o)
    0x0800618c   0x00000002   Code   RO         4857    i.__scatterload_null  mc_w.l(handlers.o)
    0x0800618e   0x0000000e   Code   RO         4858    i.__scatterload_zeroinit  mc_w.l(handlers.o)
    0x0800619c   0x0000000c   Code   RO         4786    i.__set_errno       mc_w.l(errno.o)
    0x080061a8   0x00000184   Code   RO         4650    i._fp_digits        mc_w.l(printfa.o)
    0x0800632c   0x0000000e   Code   RO         4703    i._is_digit         mc_w.l(scanf_fp.o)
    0x0800633a   0x00000002   PAD
    0x0800633c   0x000006dc   Code   RO         4651    i._printf_core      mc_w.l(printfa.o)
    0x08006a18   0x00000024   Code   RO         4652    i._printf_post_padding  mc_w.l(printfa.o)
    0x08006a3c   0x0000002e   Code   RO         4653    i._printf_pre_padding  mc_w.l(printfa.o)
    0x08006a6a   0x00000016   Code   RO         4654    i._snputc           mc_w.l(printfa.o)
    0x08006a80   0x0000000a   Code   RO         4655    i._sputc            mc_w.l(printfa.o)
    0x08006a8a   0x00000002   PAD
    0x08006a8c   0x00000208   Code   RO           35    i.adc_1             main.o
    0x08006c94   0x00000002   Code   RO           36    i.assert_failed     main.o
    0x08006c96   0x00000030   Code   RO         3544    i.buffer_skip_whitespace  cjson.o
    0x08006cc6   0x00000002   PAD
    0x08006cc8   0x00000048   Code   RO         3576    i.cJSON_Delete      cjson.o
    0x08006d10   0x00000006   Code   RO         3589    i.cJSON_GetObjectItem  cjson.o
    0x08006d16   0x00000016   Code   RO         3606    i.cJSON_New_Item    cjson.o
    0x08006d2c   0x00000008   Code   RO         3607    i.cJSON_Parse       cjson.o
    0x08006d34   0x000000dc   Code   RO         3609    i.cJSON_ParseWithLengthOpts  cjson.o
    0x08006e10   0x00000022   Code   RO         3610    i.cJSON_ParseWithOpts  cjson.o
    0x08006e32   0x00000002   PAD
    0x08006e34   0x00000020   Code   RO           37    i.clearResponse     main.o
    0x08006e54   0x00000020   Code   RO           38    i.clearbuffer_UART_ESP  main.o
    0x08006e74   0x00000018   Code   RO           39    i.fputc             main.o
    0x08006e8c   0x0000007a   Code   RO         3629    i.get_object_item   cjson.o
    0x08006f06   0x00000002   PAD
    0x08006f08   0x00000050   Code   RO         4677    i.internal_alloc    mc_w.l(mallocr.o)
    0x08006f58   0x0000035c   Code   RO         4750    i.log               m_ws.l(log.o)
    0x080072b4   0x000000e4   Code   RO         4363    i.log10             m_ws.l(log10.o)
    0x08007398   0x00000170   Code   RO           40    i.main              main.o
    0x08007508   0x000000d0   Code   RO         3631    i.parse_array       cjson.o
    0x080075d8   0x00000040   Code   RO         3632    i.parse_hex4        cjson.o
    0x08007618   0x000000f0   Code   RO         3633    i.parse_number      cjson.o
    0x08007708   0x0000010a   Code   RO         3634    i.parse_object      cjson.o
    0x08007812   0x0000010c   Code   RO         3635    i.parse_string      cjson.o
    0x0800791e   0x00000002   PAD
    0x08007920   0x000000fc   Code   RO         3636    i.parse_value       cjson.o
    0x08007a1c   0x0000006c   Code   RO         4678    i.realloc           mc_w.l(mallocr.o)
    0x08007a88   0x0000001c   Code   RO         4371    i.strtod            m_ws.l(strtod.o)
    0x08007aa4   0x000000d2   Code   RO         3645    i.utf16_literal_to_utf8  cjson.o
    0x08007b76   0x00000010   Data   RO         3509    .constdata          system_stm32f2xx.o
    0x08007b86   0x00000008   Data   RO         3510    .constdata          system_stm32f2xx.o
    0x08007b8e   0x00000002   PAD
    0x08007b90   0x00000038   Data   RO         4751    .constdata          m_ws.l(log.o)
    0x08007bc8   0x00000008   Data   RO         4812    .constdata          m_ws.l(qnan.o)
    0x08007bd0   0x00000081   Data   RO         4818    .constdata          mc_w.l(ctype_o.o)
    0x08007c51   0x00000003   PAD
    0x08007c54   0x00000004   Data   RO         4819    .constdata          mc_w.l(ctype_o.o)
    0x08007c58   0x00000057   Data   RO           44    .conststring        main.o
    0x08007caf   0x00000001   PAD
    0x08007cb0   0x00000020   Data   RO         4854    Region$$Table       anon$$obj.o


    Execution Region RW_IRAM1 (Base: 0x20000000, Size: 0x00000ca8, Max: 0x00018000, ABSOLUTE)

    Base Addr    Size         Type   Attr      Idx    E Section Name        Object

    0x20000000   0x00000080   Data   RW           45    .data               main.o
    0x20000080   0x0000000c   Data   RW          858    .data               stm32f2xx_hal.o
    0x2000008c   0x00000004   Data   RW         3511    .data               system_stm32f2xx.o
    0x20000090   0x00000014   Data   RW         3647    .data               cjson.o
    0x200000a4   0x00000004   Data   RW         4382    .data               mc_w.l(rand.o)
    0x200000a8   0x00000004   Data   RW         4401    .data               mc_w.l(strtok.o)
    0x200000ac   0x00000004   Data   RW         4773    .data               mc_w.l(stdout.o)
    0x200000b0   0x00000004   Data   RW         4782    .data               mc_w.l(mvars.o)
    0x200000b4   0x00000004   Data   RW         4783    .data               mc_w.l(mvars.o)
    0x200000b8   0x00000004   Data   RW         4787    .data               mc_w.l(errno.o)
    0x200000bc   0x000005e8   Zero   RW           41    .bss                main.o
    0x200006a4   0x00000004   PAD
    0x200006a8   0x00000200   Zero   RW            2    HEAP                startup_stm32f205xx.o
    0x200008a8   0x00000400   Zero   RW            1    STACK               startup_stm32f205xx.o


==============================================================================

Image component sizes


      Code (inc. data)   RO Data    RW Data    ZI Data      Debug   Object Name

      2040         64          0         20          0      17732   cjson.o
      4986       1218         87        128       1512     657228   main.o
        36          8        388          0       1536        780   startup_stm32f205xx.o
       180         28          0         12          0       8893   stm32f2xx_hal.o
      2320        404          0          0          0       7124   stm32f2xx_hal_adc.o
       862         74          0          0          0       2071   stm32f2xx_hal_adc_ex.o
       460        196          0          0          0      30647   stm32f2xx_hal_cortex.o
       606        176          0          0          0       3741   stm32f2xx_hal_dac.o
         2          0          0          0          0        883   stm32f2xx_hal_dac_ex.o
       182          0          0          0          0       1979   stm32f2xx_hal_dma.o
       928        172          0          0          0       2268   stm32f2xx_hal_gpio.o
       852         88          0          0          0       5040   stm32f2xx_hal_msp.o
      1908        196          0          0          0       5172   stm32f2xx_hal_rcc.o
      5356       1094          0          0          0      18254   stm32f2xx_hal_tim.o
       352         94          0          0          0       2349   stm32f2xx_hal_tim_ex.o
      1930        166          0          0          0      10372   stm32f2xx_hal_uart.o
       116         48          0          0          0       6934   stm32f2xx_it.o
         2          0         24          4          0       1047   system_stm32f2xx.o

    ----------------------------------------------------------------------
     23162       4026        534        164       3052     782514   Object Totals
         0          0         32          0          0          0   (incl. Generated)
        44          0          3          0          4          0   (incl. Padding)

    ----------------------------------------------------------------------

      Code (inc. data)   RO Data    RW Data    ZI Data      Debug   Library Member Name

        34          4          0          0          0        204   dunder.o
       860         52         56          0          0        256   log.o
       228         30          0          0          0        120   log10.o
       170          0          0          0          0         96   poly.o
         0          0          8          0          0          0   qnan.o
        28          0          0          0          0         80   strtod.o
        28          0          0          0          0         68   _chval.o
        64          0          0          0          0         84   _sgetc.o
       158          0          0          0          0         92   _strtoul.o
        26          0          0          0          0         80   atoi.o
         8          4        133          0          0         68   ctype_o.o
         0          0          0          0          0          0   entry.o
         0          0          0          0          0          0   entry10a.o
         0          0          0          0          0          0   entry11a.o
         8          4          0          0          0          0   entry2.o
         4          0          0          0          0          0   entry5.o
         0          0          0          0          0          0   entry7b.o
         0          0          0          0          0          0   entry8b.o
         8          4          0          0          0          0   entry9a.o
        20         10          0          4          0        136   errno.o
        30          0          0          0          0          0   handlers.o
        36          8          0          0          0         68   init.o
        18          0          0          0          0         76   isspace_o.o
         0          0          0          0          0          0   iusefp.o
        30          0          0          0          0         68   llshl.o
        36          0          0          0          0         68   llsshr.o
        32          0          0          0          0         68   llushr.o
       360         30          0          0          0        356   mallocr.o
        36          0          0          0          0         68   memcpya.o
        36          0          0          0          0        108   memseta.o
         0          0          0          8          0          0   mvars.o
      2378        100          0          0          0        756   printfa.o
        36         10          0          4          0        136   rand.o
       838         12          0          0          0        216   scanf_fp.o
         0          0          0          4          0          0   stdout.o
        24          0          0          0          0         68   strcat.o
        28          0          0          0          0         76   strcmp.o
        14          0          0          0          0         68   strlen.o
        30          0          0          0          0         80   strncmp.o
        36          0          0          0          0         80   strstr.o
       156         12          0          0          0        120   strtod.o
        68          6          0          4          0         80   strtok.o
       112          0          0          0          0         88   strtol.o
        12          0          0          0          0         68   tolower.o
        44          0          0          0          0         80   uidiv.o
        98          0          0          0          0         92   uldiv.o
        48          0          0          0          0         68   cdcmple.o
        48          0          0          0          0         68   cdrcmple.o
        56          0          0          0          0         88   d2f.o
       334          0          0          0          0        148   dadd.o
       222          0          0          0          0        100   ddiv.o
       186          0          0          0          0        176   depilogue.o
        62          0          0          0          0         80   dfixi.o
        48          0          0          0          0         68   dfixul.o
        34          0          0          0          0         76   dflti.o
        24          0          0          0          0         76   dfltul.o
       228          0          0          0          0         96   dmul.o
        46          0          0          0          0         80   dscalb.o
        38          0          0          0          0         68   f2d.o
       176          0          0          0          0        140   fadd.o
       124          0          0          0          0         88   fdiv.o
       110          0          0          0          0        168   fepilogue.o
        18          0          0          0          0         68   fflti.o
        10          0          0          0          0         68   ffltui.o
       100          0          0          0          0         76   fmul.o

    ----------------------------------------------------------------------
      8056        286        200         24          0       5972   Library Totals
        12          0          3          0          0          0   (incl. Padding)

    ----------------------------------------------------------------------

      Code (inc. data)   RO Data    RW Data    ZI Data      Debug   Library Name

      1320         86         64          0          0        756   m_ws.l
      4812        200        133         24          0       3416   mc_w.l
      1912          0          0          0          0       1800   mf_w.l

    ----------------------------------------------------------------------
      8056        286        200         24          0       5972   Library Totals

    ----------------------------------------------------------------------

==============================================================================


      Code (inc. data)   RO Data    RW Data    ZI Data      Debug   

     31218       4312        734        188       3052     778030   Grand Totals
     31218       4312        734        188       3052     778030   ELF Image Totals
     31218       4312        734        188          0          0   ROM Totals

==============================================================================

    Total RO  Size (Code + RO Data)                31952 (  31.20kB)
    Total RW  Size (RW Data + ZI Data)              3240 (   3.16kB)
    Total ROM Size (Code + RO Data + RW Data)      32140 (  31.39kB)

==============================================================================

